Component: ARM Compiler 5.06 update 7 (build 960) Tool: armlink [4d3601]

==============================================================================

Section Cross References

    main.o(.text) refers to tasks.o(.text) for vTaskDelay
    main.o(.text) refers to event_groups.o(.text) for xEventGroupClearBits
    main.o(.text) refers to lcd.o(.text) for GET_NUM
    main.o(.text) refers to noretval__2printf.o(.text) for __2printf
    main.o(.text) refers to port.o(.text) for vPortEnterCritical
    main.o(.text) refers to misc.o(.text) for NVIC_PriorityGroupConfig
    main.o(.text) refers to delay.o(.text) for delay_init
    main.o(.text) refers to usart.o(.text) for uart_init
    main.o(.text) refers to led.o(.text) for LED_Init
    main.o(.text) refers to key.o(.text) for KEY_Init
    main.o(.text) refers to touch.o(.text) for TP_Adjust
    main.o(.text) refers to main.o(.data) for .data
    main.o(.text) refers to touch.o(.data) for tp_dev
    main.o(.text) refers to lcd.o(.data) for POINT_COLOR
    main.o(.data) refers to main.o(.conststring) for .conststring
    system_stm32f10x.o(.text) refers to system_stm32f10x.o(.data) for .data
    24cxx.o(.text) refers to myiic.o(.text) for IIC_Init
    24cxx.o(.text) refers to delay.o(.text) for delay_ms
    myiic.o(.text) refers to stm32f10x_rcc.o(.text) for RCC_APB2PeriphClockCmd
    myiic.o(.text) refers to stm32f10x_gpio.o(.text) for GPIO_Init
    myiic.o(.text) refers to delay.o(.text) for delay_us
    key.o(.text) refers to stm32f10x_rcc.o(.text) for RCC_APB2PeriphClockCmd
    key.o(.text) refers to stm32f10x_gpio.o(.text) for GPIO_Init
    key.o(.text) refers to delay.o(.text) for delay_ms
    key.o(.text) refers to key.o(.data) for .data
    lcd.o(.text) refers to _printf_percent.o(.ARM.Collect$$_printf_percent$$00000000) for _printf_percent
    lcd.o(.text) refers to _printf_x.o(.ARM.Collect$$_printf_percent$$0000000C) for _printf_x
    lcd.o(.text) refers to _printf_hex_int.o(.text) for _printf_longlong_hex
    lcd.o(.text) refers to _printf_d.o(.ARM.Collect$$_printf_percent$$00000009) for _printf_d
    lcd.o(.text) refers to _printf_dec.o(.text) for _printf_int_dec
    lcd.o(.text) refers to delay.o(.text) for delay_us
    lcd.o(.text) refers to dflt_clz.o(x$fpl$dfltu) for __aeabi_ui2d
    lcd.o(.text) refers to dmul.o(x$fpl$dmul) for __aeabi_dmul
    lcd.o(.text) refers to dfixu.o(x$fpl$dfixu) for __aeabi_d2uiz
    lcd.o(.text) refers to lcd.o(.bss) for .bss
    lcd.o(.text) refers to lcd.o(.data) for .data
    lcd.o(.text) refers to stm32f10x_rcc.o(.text) for RCC_AHBPeriphClockCmd
    lcd.o(.text) refers to stm32f10x_gpio.o(.text) for GPIO_Init
    lcd.o(.text) refers to stm32f10x_fsmc.o(.text) for FSMC_NORSRAMInit
    lcd.o(.text) refers to noretval__2printf.o(.text) for __2printf
    lcd.o(.text) refers to lcd.o(.constdata) for .constdata
    lcd.o(.text) refers to showkey.o(.text) for Show_Str_Mid
    lcd.o(.text) refers to touch.o(.data) for tp_dev
    led.o(.text) refers to stm32f10x_rcc.o(.text) for RCC_APB2PeriphClockCmd
    led.o(.text) refers to stm32f10x_gpio.o(.text) for GPIO_Init
    ctiic.o(.text) refers to delay.o(.text) for delay_us
    ctiic.o(.text) refers to stm32f10x_rcc.o(.text) for RCC_APB2PeriphClockCmd
    ctiic.o(.text) refers to stm32f10x_gpio.o(.text) for GPIO_Init
    ft5206.o(.text) refers to _printf_percent.o(.ARM.Collect$$_printf_percent$$00000000) for _printf_percent
    ft5206.o(.text) refers to _printf_x.o(.ARM.Collect$$_printf_percent$$0000000C) for _printf_x
    ft5206.o(.text) refers to _printf_hex_int.o(.text) for _printf_longlong_hex
    ft5206.o(.text) refers to _printf_s.o(.ARM.Collect$$_printf_percent$$00000014) for _printf_s
    ft5206.o(.text) refers to _printf_str.o(.text) for _printf_str
    ft5206.o(.text) refers to ctiic.o(.text) for CT_IIC_Start
    ft5206.o(.text) refers to stm32f10x_rcc.o(.text) for RCC_APB2PeriphClockCmd
    ft5206.o(.text) refers to stm32f10x_gpio.o(.text) for GPIO_Init
    ft5206.o(.text) refers to delay.o(.text) for delay_ms
    ft5206.o(.text) refers to gt9147.o(.text) for GT9147_RD_Reg
    ft5206.o(.text) refers to noretval__2printf.o(.text) for __2printf
    ft5206.o(.text) refers to strcmpv7m.o(.text) for strcmp
    ft5206.o(.text) refers to ft5206.o(.data) for .data
    ft5206.o(.text) refers to touch.o(.data) for tp_dev
    ft5206.o(.text) refers to lcd.o(.bss) for lcddev
    ft5206.o(.text) refers to ft5206.o(.constdata) for .constdata
    gt9147.o(.text) refers to _printf_percent.o(.ARM.Collect$$_printf_percent$$00000000) for _printf_percent
    gt9147.o(.text) refers to _printf_s.o(.ARM.Collect$$_printf_percent$$00000014) for _printf_s
    gt9147.o(.text) refers to _printf_str.o(.text) for _printf_str
    gt9147.o(.text) refers to _printf_d.o(.ARM.Collect$$_printf_percent$$00000009) for _printf_d
    gt9147.o(.text) refers to _printf_dec.o(.text) for _printf_int_dec
    gt9147.o(.text) refers to ctiic.o(.text) for CT_IIC_Start
[...]
    .bss                                     0x20000268   Section      740  tasks.o(.bss)
    pxReadyTasksLists                        0x20000268   Data         640  tasks.o(.bss)
    xDelayedTaskList1                        0x200004e8   Data          20  tasks.o(.bss)
    xDelayedTaskList2                        0x200004fc   Data          20  tasks.o(.bss)
    xPendingReadyList                        0x20000510   Data          20  tasks.o(.bss)
    xTasksWaitingTermination                 0x20000524   Data          20  tasks.o(.bss)
    xSuspendedTaskList                       0x20000538   Data          20  tasks.o(.bss)
    .bss                                     0x2000054c   Section       40  timers.o(.bss)
    xActiveTimerList1                        0x2000054c   Data          20  timers.o(.bss)
    xActiveTimerList2                        0x20000560   Data          20  timers.o(.bss)
    .bss                                     0x20000574   Section    20480  heap_4.o(.bss)
    ucHeap                                   0x20000574   Data       20480  heap_4.o(.bss)
    .bss                                     0x20005574   Section       96  libspace.o(.bss)
    HEAP                                     0x200055d8   Section      512  startup_stm32f10x_hd.o(HEAP)
    Heap_Mem                                 0x200055d8   Data         512  startup_stm32f10x_hd.o(HEAP)
    STACK                                    0x200057d8   Section     1024  startup_stm32f10x_hd.o(STACK)
    Stack_Mem                                0x200057d8   Data        1024  startup_stm32f10x_hd.o(STACK)
    __initial_sp                             0x20005bd8   Data           0  startup_stm32f10x_hd.o(STACK)

    Global Symbols

    Symbol Name                              Value     Ov Type        Size  Object(Section)

    BuildAttributes$$THM_ISAv4$P$D$K$B$S$PE$A:L22UL41UL21$X:L11$S22US41US21$IEEE1$IW$USESV6$~STKCKD$USESV7$~SHL$OTIME$ROPI$IEEEJ$EBA8$UX$STANDARDLIB$REQ8$PRES8$EABIv2 0x00000000   Number         0  anon$$obj.o ABSOLUTE
    __ARM_use_no_argv                        0x00000000   Number         0  main.o ABSOLUTE
    __ARM_exceptions_init                     - Undefined Weak Reference
    __alloca_initialize                       - Undefined Weak Reference
    __arm_fini_                               - Undefined Weak Reference
    __arm_preinit_                            - Undefined Weak Reference
    __cpp_initialize__aeabi_                  - Undefined Weak Reference
    __cxa_finalize                            - Undefined Weak Reference
    __rt_locale                               - Undefined Weak Reference
    __sigvec_lookup                           - Undefined Weak Reference
    _atexit_init                              - Undefined Weak Reference
    _call_atexit_fns                          - Undefined Weak Reference
    _clock_init                               - Undefined Weak Reference
    _fp_trap_init                             - Undefined Weak Reference
    _fp_trap_shutdown                         - Undefined Weak Reference
    _get_lc_collate                           - Undefined Weak Reference
    _get_lc_ctype                             - Undefined Weak Reference
    _get_lc_monetary                          - Undefined Weak Reference
    _get_lc_numeric                           - Undefined Weak Reference
    _get_lc_time                              - Undefined Weak Reference
    _getenv_init                              - Undefined Weak Reference
    _handle_redirection                       - Undefined Weak Reference
    _init_alloc                               - Undefined Weak Reference
    _init_user_alloc                          - Undefined Weak Reference
    _initio                                   - Undefined Weak Reference
    _mutex_acquire                            - Undefined Weak Reference
    _mutex_release                            - Undefined Weak Reference
    _printf_mbtowc                            - Undefined Weak Reference
    _printf_post_padding                      - Undefined Weak Reference
    _printf_pre_padding                       - Undefined Weak Reference
    _printf_truncate_signed                   - Undefined Weak Reference
    _printf_truncate_unsigned                 - Undefined Weak Reference
    _rand_init                                - Undefined Weak Reference
    _signal_finish                            - Undefined Weak Reference
    _signal_init                              - Undefined Weak Reference
    _terminate_alloc                          - Undefined Weak Reference
    _terminate_user_alloc                     - Undefined Weak Reference
    _terminateio                              - Undefined Weak Reference
    __Vectors_Size                           0x00000130   Number         0  startup_stm32f10x_hd.o ABSOLUTE
    __Vectors                                0x08000000   Data           4  startup_stm32f10x_hd.o(RESET)
    __Vectors_End                            0x08000130   Data           0  startup_stm32f10x_hd.o(RESET)
    __main                                   0x08000131   Thumb Code     8  __main.o(!!!main)
    __scatterload                            0x08000139   Thumb Code     0  __scatter.o(!!!scatter)
    __scatterload_rt2                        0x08000139   Thumb Code    44  __scatter.o(!!!scatter)
    __scatterload_rt2_thumb_only             0x08000139   Thumb Code     0  __scatter.o(!!!scatter)
    __scatterload_null                       0x08000147   Thumb Code     0  __scatter.o(!!!scatter)
    __decompress                             0x0800016d   Thumb Code    90  __dczerorl2.o(!!dczerorl2)
    __decompress1                            0x0800016d   Thumb Code     0  __dczerorl2.o(!!dczerorl2)
    __scatterload_zeroinit                   0x080001c9   Thumb Code    28  __scatter_zi.o(!!handler_zi)
    _printf_d                                0x080001e5   Thumb Code     0  _printf_d.o(.ARM.Collect$$_printf_percent$$00000009)
    _printf_percent                          0x080001e5   Thumb Code     0  _printf_percent.o(.ARM.Collect$$_printf_percent$$00000000)
    _printf_u                                0x080001eb   Thumb Code     0  _printf_u.o(.ARM.Collect$$_printf_percent$$0000000A)
    _printf_x                                0x080001f1   Thumb Code     0  _printf_x.o(.ARM.Collect$$_printf_percent$$0000000C)
    _printf_c                                0x080001f7   Thumb Code     0  _printf_c.o(.ARM.Collect$$_printf_percent$$00000013)
    _printf_s                                0x080001fd   Thumb Code     0  _printf_s.o(.ARM.Collect$$_printf_percent$$00000014)
    _printf_percent_end                      0x08000203   Thumb Code     0  _printf_percent_end.o(.ARM.Collect$$_printf_percent$$00000017)
    __rt_lib_init                            0x08000207   Thumb Code     0  libinit.o(.ARM.Collect$$libinit$$00000000)
    __rt_lib_init_alloca_1                   0x08000209   Thumb Code     0  libinit2.o(.ARM.Collect$$libinit$$0000002E)
    __rt_lib_init_argv_1                     0x08000209   Thumb Code     0  libinit2.o(.ARM.Collect$$libinit$$0000002C)
    __rt_lib_init_atexit_1                   0x08000209   Thumb Code     0  libinit2.o(.ARM.Collect$$libinit$$0000001B)
    __rt_lib_init_clock_1                    0x08000209   Thumb Code     0  libinit2.o(.ARM.Collect$$libinit$$00000021)
    __rt_lib_init_cpp_1                      0x08000209   Thumb Code     0  libinit2.o(.ARM.Collect$$libinit$$00000032)
    __rt_lib_init_exceptions_1               0x08000209   Thumb Code     0  libinit2.o(.ARM.Collect$$libinit$$00000030)
    __rt_lib_init_fp_1                       0x08000209   Thumb Code     0  libinit2.o(.ARM.Collect$$libinit$$00000002)
    __rt_lib_init_fp_trap_1                  0x08000209   Thumb Code     0  libinit2.o(.ARM.Collect$$libinit$$0000001F)
    __rt_lib_init_getenv_1                   0x08000209   Thumb Code     0  libinit2.o(.ARM.Collect$$libinit$$00000023)
    __rt_lib_init_heap_1                     0x08000209   Thumb Code     0  libinit2.o(.ARM.Collect$$libinit$$0000000A)
    __rt_lib_init_lc_collate_1               0x08000209   Thumb Code     0  libinit2.o(.ARM.Collect$$libinit$$00000011)
    __rt_lib_init_lc_ctype_1                 0x08000209   Thumb Code     0  libinit2.o(.ARM.Collect$$libinit$$00000013)
    __rt_lib_init_lc_monetary_1              0x08000209   Thumb Code     0  libinit2.o(.ARM.Collect$$libinit$$00000015)
    __rt_lib_init_lc_numeric_1               0x08000209   Thumb Code     0  libinit2.o(.ARM.Collect$$libinit$$00000017)
    __rt_lib_init_lc_time_1                  0x08000209   Thumb Code     0  libinit2.o(.ARM.Collect$$libinit$$00000019)
    __rt_lib_init_preinit_1                  0x08000209   Thumb Code     0  libinit2.o(.ARM.Collect$$libinit$$00000004)
    __rt_lib_init_rand_1                     0x08000209   Thumb Code     0  libinit2.o(.ARM.Collect$$libinit$$0000000E)
    __rt_lib_init_return                     0x08000209   Thumb Code     0  libinit2.o(.ARM.Collect$$libinit$$00000033)
    __rt_lib_init_signal_1                   0x08000209   Thumb Code     0  libinit2.o(.ARM.Collect$$libinit$$0000001D)
    __rt_lib_init_stdio_1                    0x08000209   Thumb Code     0  libinit2.o(.ARM.Collect$$libinit$$00000025)
    __rt_lib_init_user_alloc_1               0x08000209   Thumb Code     0  libinit2.o(.ARM.Collect$$libinit$$0000000C)
    __rt_lib_shutdown                        0x0800020b   Thumb Code     0  libshutdown.o(.ARM.Collect$$libshutdown$$00000000)
    __rt_lib_shutdown_cpp_1                  0x0800020d   Thumb Code     0  libshutdown2.o(.ARM.Collect$$libshutdown$$00000004)
    __rt_lib_shutdown_fini_1                 0x0800020d   Thumb Code     0  libshutdown2.o(.ARM.Collect$$libshutdown$$00000002)
    __rt_lib_shutdown_fp_trap_1              0x0800020d   Thumb Code     0  libshutdown2.o(.ARM.Collect$$libshutdown$$00000009)
    __rt_lib_shutdown_heap_1                 0x0800020d   Thumb Code     0  libshutdown2.o(.ARM.Collect$$libshutdown$$00000011)
    __rt_lib_shutdown_return                 0x0800020d   Thumb Code     0  libshutdown2.o(.ARM.Collect$$libshutdown$$00000012)
    __rt_lib_shutdown_signal_1               0x0800020d   Thumb Code     0  libshutdown2.o(.ARM.Collect$$libshutdown$$0000000C)
    __rt_lib_shutdown_stdio_1                0x0800020d   Thumb Code     0  libshutdown2.o(.ARM.Collect$$libshutdown$$00000006)
    __rt_lib_shutdown_user_alloc_1           0x0800020d   Thumb Code     0  libshutdown2.o(.ARM.Collect$$libshutdown$$0000000E)
    __rt_entry                               0x0800020f   Thumb Code     0  __rtentry.o(.ARM.Collect$$rtentry$$00000000)
    __rt_entry_presh_1                       0x0800020f   Thumb Code     0  __rtentry2.o(.ARM.Collect$$rtentry$$00000002)
    __rt_entry_sh                            0x0800020f   Thumb Code     0  __rtentry4.o(.ARM.Collect$$rtentry$$00000004)
    __rt_entry_li                            0x08000215   Thumb Code     0  __rtentry2.o(.ARM.Collect$$rtentry$$0000000A)
    __rt_entry_postsh_1                      0x08000215   Thumb Code     0  __rtentry2.o(.ARM.Collect$$rtentry$$00000009)
    __rt_entry_main                          0x08000219   Thumb Code     0  __rtentry2.o(.ARM.Collect$$rtentry$$0000000D)
    __rt_entry_postli_1                      0x08000219   Thumb Code     0  __rtentry2.o(.ARM.Collect$$rtentry$$0000000C)
    __rt_exit                                0x08000221   Thumb Code     0  rtexit.o(.ARM.Collect$$rtexit$$00000000)
    __rt_exit_ls                             0x08000223   Thumb Code     0  rtexit2.o(.ARM.Collect$$rtexit$$00000003)
    __rt_exit_prels_1                        0x08000223   Thumb Code     0  rtexit2.o(.ARM.Collect$$rtexit$$00000002)
    __rt_exit_exit                           0x08000227   Thumb Code     0  rtexit2.o(.ARM.Collect$$rtexit$$00000004)
    SVC_Handler                              0x0800022d   Thumb Code    32  port.o(.emb_text)
    __asm___6_port_c_39a90d8d__prvStartFirstTask 0x08000251   Thumb Code    28  port.o(.emb_text)
    PendSV_Handler                           0x08000271   Thumb Code    72  port.o(.emb_text)
    vPortGetIPSR                             0x080002bd   Thumb Code     6  port.o(.emb_text)
    led1_task                                0x080002c5   Thumb Code    40  main.o(.text)
    led0_task                                0x080002ed   Thumb Code    30  main.o(.text)
    LCD_task                                 0x0800030b   Thumb Code   130  main.o(.text)
    start_task                               0x0800038d   Thumb Code   138  main.o(.text)
    main                                     0x08000417   Thumb Code   256  main.o(.text)
    NMI_Handler                              0x08000651   Thumb Code     2  stm32f10x_it.o(.text)
    HardFault_Handler                        0x08000653   Thumb Code     2  stm32f10x_it.o(.text)
    MemManage_Handler                        0x08000655   Thumb Code     2  stm32f10x_it.o(.text)
    BusFault_Handler                         0x08000657   Thumb Code     2  stm32f10x_it.o(.text)
    UsageFault_Handler                       0x08000659   Thumb Code     2  stm32f10x_it.o(.text)
    DebugMon_Handler                         0x0800065b   Thumb Code     2  stm32f10x_it.o(.text)
    SystemInit                               0x080006fd   Thumb Code    64  system_stm32f10x.o(.text)
    SystemCoreClockUpdate                    0x0800073d   Thumb Code    86  system_stm32f10x.o(.text)
    AT24CXX_Init                             0x080007b5   Thumb Code     4  24cxx.o(.text)
    AT24CXX_ReadOneByte                      0x080007b9   Thumb Code    66  24cxx.o(.text)
    AT24CXX_WriteOneByte                     0x080007fb   Thumb Code    62  24cxx.o(.text)
    AT24CXX_WriteLenByte                     0x08000839   Thumb Code    42  24cxx.o(.text)
    AT24CXX_ReadLenByte                      0x08000863   Thumb Code    40  24cxx.o(.text)
    AT24CXX_Check                            0x0800088b   Thumb Code    38  24cxx.o(.text)
    AT24CXX_Read                             0x080008b1   Thumb Code    34  24cxx.o(.text)
    AT24CXX_Write                            0x080008d3   Thumb Code    32  24cxx.o(.text)
    IIC_Init                                 0x080008f5   Thumb Code    48  myiic.o(.text)
    IIC_Start                                0x08000925   Thumb Code    56  myiic.o(.text)
    IIC_Stop                                 0x0800095d   Thumb Code    58  myiic.o(.text)
    IIC_Wait_Ack                             0x08000997   Thumb Code    78  myiic.o(.text)
    IIC_Ack                                  0x080009e5   Thumb Code    56  myiic.o(.text)
    IIC_NAck                                 0x08000a1d   Thumb Code    56  myiic.o(.text)
    IIC_Send_Byte                            0x08000a55   Thumb Code    94  myiic.o(.text)
    IIC_Read_Byte                            0x08000ab3   Thumb Code   100  myiic.o(.text)
    KEY_Init                                 0x08000b21   Thumb Code    52  key.o(.text)
    KEY_Scan                                 0x08000b55   Thumb Code   154  key.o(.text)
    LCD_WR_REG                               0x08000bfd   Thumb Code     6  lcd.o(.text)
    LCD_WR_DATA                              0x08000c03   Thumb Code     8  lcd.o(.text)
    LCD_RD_DATA                              0x08000c0b   Thumb Code    18  lcd.o(.text)
    LCD_WriteReg                             0x08000c1d   Thumb Code    10  lcd.o(.text)
    LCD_ReadReg                              0x08000c27   Thumb Code    18  lcd.o(.text)
    LCD_WriteRAM_Prepare                     0x08000c39   Thumb Code    10  lcd.o(.text)
    LCD_WriteRAM                             0x08000c43   Thumb Code     8  lcd.o(.text)
    LCD_BGR2RGB                              0x08000c4b   Thumb Code    18  lcd.o(.text)
    opt_delay                                0x08000c5d   Thumb Code     8  lcd.o(.text)
    LCD_SetCursor                            0x08000c65   Thumb Code   172  lcd.o(.text)
    LCD_ReadPoint                            0x08000d11   Thumb Code    96  lcd.o(.text)
    LCD_DisplayOn                            0x08000d71   Thumb Code    26  lcd.o(.text)
    LCD_DisplayOff                           0x08000d8b   Thumb Code    26  lcd.o(.text)
    LCD_Scan_Dir                             0x08000da5   Thumb Code   314  lcd.o(.text)
    LCD_DrawPoint                            0x08000edf   Thumb Code    22  lcd.o(.text)
    LCD_Fast_DrawPoint                       0x08000ef5   Thumb Code   164  lcd.o(.text)
    LCD_SSD_BackLightSet                     0x08000f99   Thumb Code    50  lcd.o(.text)
    LCD_Display_Dir                          0x08000fcb   Thumb Code   196  lcd.o(.text)
    LCD_Set_Window                           0x0800108f   Thumb Code   296  lcd.o(.text)
    LCD_Clear                                0x080011b7   Thumb Code    42  lcd.o(.text)
    LCD_Init                                 0x080011e1   Thumb Code  7736  lcd.o(.text)
    LCD_Fill                                 0x08003019   Thumb Code    66  lcd.o(.text)
    LCD_Color_Fill                           0x0800305b   Thumb Code    84  lcd.o(.text)
    LCD_DrawLine                             0x080030af   Thumb Code   150  lcd.o(.text)
    LCD_DrawRectangle                        0x08003145   Thumb Code    54  lcd.o(.text)
    LCD_Draw_Circle                          0x0800317b   Thumb Code   176  lcd.o(.text)
    LCD_ShowChar                             0x0800322b   Thumb Code   182  lcd.o(.text)
    LCD_Pow                                  0x080032e1   Thumb Code    16  lcd.o(.text)
    LCD_ShowNum                              0x080032f1   Thumb Code   116  lcd.o(.text)
    LCD_ShowxNum                             0x08003365   Thumb Code   160  lcd.o(.text)
    LCD_ShowString                           0x08003405   Thumb Code    82  lcd.o(.text)
    Chinese_Show_one                         0x08003457   Thumb Code   128  lcd.o(.text)
    Chinese_Show_two                         0x080034d7   Thumb Code   130  lcd.o(.text)
    AS608_load_keyboard                      0x08003559   Thumb Code   276  lcd.o(.text)
    AS608_key_staset                         0x0800366d   Thumb Code   138  lcd.o(.text)
    AS608_get_keynum                         0x080036f7   Thumb Code   192  lcd.o(.text)
    GET_NUM                                  0x080037b7   Thumb Code   338  lcd.o(.text)
    LED_Init                                 0x08003931   Thumb Code    70  led.o(.text)
    CT_Delay                                 0x08003981   Thumb Code     6  ctiic.o(.text)
    CT_IIC_Init                              0x08003987   Thumb Code    72  ctiic.o(.text)
    CT_IIC_Start                             0x080039cf   Thumb Code    64  ctiic.o(.text)
    CT_IIC_Stop                              0x08003a0f   Thumb Code    58  ctiic.o(.text)
    CT_IIC_Wait_Ack                          0x08003a49   Thumb Code    76  ctiic.o(.text)
    CT_IIC_Ack                               0x08003a95   Thumb Code    66  ctiic.o(.text)
    CT_IIC_NAck                              0x08003ad7   Thumb Code    66  ctiic.o(.text)
    CT_IIC_Send_Byte                         0x08003b19   Thumb Code    92  ctiic.o(.text)
    CT_IIC_Read_Byte                         0x08003b75   Thumb Code   104  ctiic.o(.text)
    FT5206_WR_Reg                            0x08003bed   Thumb Code    72  ft5206.o(.text)
    FT5206_RD_Reg                            0x08003c35   Thumb Code    86  ft5206.o(.text)
    FT5206_Init                              0x08003c8b   Thumb Code   288  ft5206.o(.text)
    FT5206_Scan                              0x08003dab   Thumb Code   560  ft5206.o(.text)
    GT9147_WR_Reg                            0x08004011   Thumb Code    82  gt9147.o(.text)
    GT9147_Send_Cfg                          0x08004063   Thumb Code    72  gt9147.o(.text)
    GT9147_RD_Reg                            0x080040ab   Thumb Code    96  gt9147.o(.text)
    GT9147_Init                              0x0800410b   Thumb Code   248  gt9147.o(.text)
    GT9147_Scan                              0x08004203   Thumb Code   364  gt9147.o(.text)
    OTT2001A_WR_Reg                          0x080043b1   Thumb Code    82  ott2001a.o(.text)
    OTT2001A_RD_Reg                          0x08004403   Thumb Code    96  ott2001a.o(.text)
    OTT2001A_SensorControl                   0x08004463   Thumb Code    30  ott2001a.o(.text)
    OTT2001A_Init                            0x08004481   Thumb Code   156  ott2001a.o(.text)
    OTT2001A_Scan                            0x0800451d   Thumb Code   322  ott2001a.o(.text)
    TP_Write_Byte                            0x08004695   Thumb Code    62  touch.o(.text)
    TP_Read_AD                               0x080046d3   Thumb Code   122  touch.o(.text)
    TP_Read_XOY                              0x0800474d   Thumb Code    96  touch.o(.text)
    TP_Read_XY                               0x080047ad   Thumb Code    34  touch.o(.text)
    TP_Read_XY2                              0x080047cf   Thumb Code   124  touch.o(.text)
    TP_Drow_Touch_Point                      0x0800484b   Thumb Code   106  touch.o(.text)
    TP_Draw_Big_Point                        0x080048b5   Thumb Code    48  touch.o(.text)
    TP_Scan                                  0x080048e5   Thumb Code   178  touch.o(.text)
    TP_Save_Adjdata                          0x08004997   Thumb Code    26  touch.o(.text)
    TP_Get_Adjdata                           0x080049b1   Thumb Code    58  touch.o(.text)
    TP_Adj_Info_Show                         0x080049eb   Thumb Code   380  touch.o(.text)
    TP_Adjust                                0x08004b67   Thumb Code  1344  touch.o(.text)
    TP_Init                                  0x080050a7   Thumb Code   270  touch.o(.text)
    Show_Str                                 0x08005205   Thumb Code   146  showkey.o(.text)
    Show_Str_Mid                             0x08005297   Thumb Code    82  showkey.o(.text)
    SysTick_Handler                          0x080052ed   Thumb Code    20  delay.o(.text)
    delay_init                               0x08005301   Thumb Code    60  delay.o(.text)
    delay_us                                 0x0800533d   Thumb Code    48  delay.o(.text)
    delay_ms                                 0x0800536d   Thumb Code    50  delay.o(.text)
    delay_xms                                0x0800539f   Thumb Code    26  delay.o(.text)
    _sys_exit                                0x080053c5   Thumb Code     2  usart.o(.text)
    fputc                                    0x080053c7   Thumb Code    18  usart.o(.text)
    uart_init                                0x080053d9   Thumb Code   152  usart.o(.text)
    USART1_IRQHandler                        0x08005471   Thumb Code    88  usart.o(.text)
    Reset_Handler                            0x080054d9   Thumb Code     8  startup_stm32f10x_hd.o(.text)
    ADC1_2_IRQHandler                        0x080054f3   Thumb Code     0  startup_stm32f10x_hd.o(.text)
    ADC3_IRQHandler                          0x080054f3   Thumb Code     0  startup_stm32f10x_hd.o(.text)
    CAN1_RX1_IRQHandler                      0x080054f3   Thumb Code     0  startup_stm32f10x_hd.o(.text)
    CAN1_SCE_IRQHandler                      0x080054f3   Thumb Code     0  startup_stm32f10x_hd.o(.text)
    DMA1_Channel1_IRQHandler                 0x080054f3   Thumb Code     0  startup_stm32f10x_hd.o(.text)
    DMA1_Channel2_IRQHandler                 0x080054f3   Thumb Code     0  startup_stm32f10x_hd.o(.text)
    DMA1_Channel3_IRQHandler                 0x080054f3   Thumb Code     0  startup_stm32f10x_hd.o(.text)
    DMA1_Channel4_IRQHandler                 0x080054f3   Thumb Code     0  startup_stm32f10x_hd.o(.text)
    DMA1_Channel5_IRQHandler                 0x080054f3   Thumb Code     0  startup_stm32f10x_hd.o(.text)
    DMA1_Channel6_IRQHandler                 0x080054f3   Thumb Code     0  startup_stm32f10x_hd.o(.text)
    DMA1_Channel7_IRQHandler                 0x080054f3   Thumb Code     0  startup_stm32f10x_hd.o(.text)
    DMA2_Channel1_IRQHandler                 0x080054f3   Thumb Code     0  startup_stm32f10x_hd.o(.text)
    DMA2_Channel2_IRQHandler                 0x080054f3   Thumb Code     0  startup_stm32f10x_hd.o(.text)
    DMA2_Channel3_IRQHandler                 0x080054f3   Thumb Code     0  startup_stm32f10x_hd.o(.text)
    DMA2_Channel4_5_IRQHandler               0x080054f3   Thumb Code     0  startup_stm32f10x_hd.o(.text)
    EXTI0_IRQHandler                         0x080054f3   Thumb Code     0  startup_stm32f10x_hd.o(.text)
    EXTI15_10_IRQHandler                     0x080054f3   Thumb Code     0  startup_stm32f10x_hd.o(.text)
    EXTI1_IRQHandler                         0x080054f3   Thumb Code     0  startup_stm32f10x_hd.o(.text)
    EXTI2_IRQHandler                         0x080054f3   Thumb Code     0  startup_stm32f10x_hd.o(.text)
    EXTI3_IRQHandler                         0x080054f3   Thumb Code     0  startup_stm32f10x_hd.o(.text)
    EXTI4_IRQHandler                         0x080054f3   Thumb Code     0  startup_stm32f10x_hd.o(.text)
    EXTI9_5_IRQHandler                       0x080054f3   Thumb Code     0  startup_stm32f10x_hd.o(.text)
    FLASH_IRQHandler                         0x080054f3   Thumb Code     0  startup_stm32f10x_hd.o(.text)
    FSMC_IRQHandler                          0x080054f3   Thumb Code     0  startup_stm32f10x_hd.o(.text)
    I2C1_ER_IRQHandler                       0x080054f3   Thumb Code     0  startup_stm32f10x_hd.o(.text)
    I2C1_EV_IRQHandler                       0x080054f3   Thumb Code     0  startup_stm32f10x_hd.o(.text)
    I2C2_ER_IRQHandler                       0x080054f3   Thumb Code     0  startup_stm32f10x_hd.o(.text)
    I2C2_EV_IRQHandler                       0x080054f3   Thumb Code     0  startup_stm32f10x_hd.o(.text)
    PVD_IRQHandler                           0x080054f3   Thumb Code     0  startup_stm32f10x_hd.o(.text)
    RCC_IRQHandler                           0x080054f3   Thumb Code     0  startup_stm32f10x_hd.o(.text)
    RTCAlarm_IRQHandler                      0x080054f3   Thumb Code     0  startup_stm32f10x_hd.o(.text)
    RTC_IRQHandler                           0x080054f3   Thumb Code     0  startup_stm32f10x_hd.o(.text)
    SDIO_IRQHandler                          0x080054f3   Thumb Code     0  startup_stm32f10x_hd.o(.text)
    SPI1_IRQHandler                          0x080054f3   Thumb Code     0  startup_stm32f10x_hd.o(.text)
    SPI2_IRQHandler                          0x080054f3   Thumb Code     0  startup_stm32f10x_hd.o(.text)
    SPI3_IRQHandler                          0x080054f3   Thumb Code     0  startup_stm32f10x_hd.o(.text)
    TAMPER_IRQHandler                        0x080054f3   Thumb Code     0  startup_stm32f10x_hd.o(.text)
    TIM1_BRK_IRQHandler                      0x080054f3   Thumb Code     0  startup_stm32f10x_hd.o(.text)
    TIM1_CC_IRQHandler                       0x080054f3   Thumb Code     0  startup_stm32f10x_hd.o(.text)
    TIM1_TRG_COM_IRQHandler                  0x080054f3   Thumb Code     0  startup_stm32f10x_hd.o(.text)
    TIM1_UP_IRQHandler                       0x080054f3   Thumb Code     0  startup_stm32f10x_hd.o(.text)
    TIM2_IRQHandler                          0x080054f3   Thumb Code     0  startup_stm32f10x_hd.o(.text)
    TIM3_IRQHandler                          0x080054f3   Thumb Code     0  startup_stm32f10x_hd.o(.text)
    TIM4_IRQHandler                          0x080054f3   Thumb Code     0  startup_stm32f10x_hd.o(.text)
    TIM5_IRQHandler                          0x080054f3   Thumb Code     0  startup_stm32f10x_hd.o(.text)
    TIM6_IRQHandler                          0x080054f3   Thumb Code     0  startup_stm32f10x_hd.o(.text)
    TIM7_IRQHandler                          0x080054f3   Thumb Code     0  startup_stm32f10x_hd.o(.text)
    TIM8_BRK_IRQHandler                      0x080054f3   Thumb Code     0  startup_stm32f10x_hd.o(.text)
    TIM8_CC_IRQHandler                       0x080054f3   Thumb Code     0  startup_stm32f10x_hd.o(.text)
    TIM8_TRG_COM_IRQHandler                  0x080054f3   Thumb Code     0  startup_stm32f10x_hd.o(.text)
    TIM8_UP_IRQHandler                       0x080054f3   Thumb Code     0  startup_stm32f10x_hd.o(.text)
    UART4_IRQHandler                         0x080054f3   Thumb Code     0  startup_stm32f10x_hd.o(.text)
    UART5_IRQHandler                         0x080054f3   Thumb Code     0  startup_stm32f10x_hd.o(.text)
    USART2_IRQHandler                        0x080054f3   Thumb Code     0  startup_stm32f10x_hd.o(.text)
    USART3_IRQHandler                        0x080054f3   Thumb Code     0  startup_stm32f10x_hd.o(.text)
    USBWakeUp_IRQHandler                     0x080054f3   Thumb Code     0  startup_stm32f10x_hd.o(.text)
    USB_HP_CAN1_TX_IRQHandler                0x080054f3   Thumb Code     0  startup_stm32f10x_hd.o(.text)
    USB_LP_CAN1_RX0_IRQHandler               0x080054f3   Thumb Code     0  startup_stm32f10x_hd.o(.text)
    WWDG_IRQHandler                          0x080054f3   Thumb Code     0  startup_stm32f10x_hd.o(.text)
    __user_initial_stackheap                 0x080054f5   Thumb Code     0  startup_stm32f10x_hd.o(.text)
    NVIC_PriorityGroupConfig                 0x08005519   Thumb Code    10  misc.o(.text)
    NVIC_Init                                0x08005523   Thumb Code    94  misc.o(.text)
    NVIC_SetVectorTable                      0x08005581   Thumb Code    14  misc.o(.text)
    NVIC_SystemLPConfig                      0x0800558f   Thumb Code    20  misc.o(.text)
    SysTick_CLKSourceConfig                  0x080055a3   Thumb Code    24  misc.o(.text)
    FSMC_NORSRAMDeInit                       0x080055c9   Thumb Code    38  stm32f10x_fsmc.o(.text)
    FSMC_NANDDeInit                          0x080055ef   Thumb Code    40  stm32f10x_fsmc.o(.text)
    FSMC_PCCARDDeInit                        0x08005617   Thumb Code    26  stm32f10x_fsmc.o(.text)
    FSMC_NORSRAMInit                         0x08005631   Thumb Code   200  stm32f10x_fsmc.o(.text)
    FSMC_NANDInit                            0x080056f9   Thumb Code   104  stm32f10x_fsmc.o(.text)
    FSMC_PCCARDInit                          0x08005761   Thumb Code   102  stm32f10x_fsmc.o(.text)
    FSMC_NORSRAMStructInit                   0x080057c7   Thumb Code    98  stm32f10x_fsmc.o(.text)
    FSMC_NANDStructInit                      0x08005829   Thumb Code    54  stm32f10x_fsmc.o(.text)
    FSMC_PCCARDStructInit                    0x0800585f   Thumb Code    60  stm32f10x_fsmc.o(.text)
    FSMC_NORSRAMCmd                          0x0800589b   Thumb Code    26  stm32f10x_fsmc.o(.text)
    FSMC_NANDCmd                             0x080058b5   Thumb Code    54  stm32f10x_fsmc.o(.text)
    FSMC_PCCARDCmd                           0x080058eb   Thumb Code    28  stm32f10x_fsmc.o(.text)
    FSMC_NANDECCCmd                          0x08005907   Thumb Code    54  stm32f10x_fsmc.o(.text)
    FSMC_GetECC                              0x0800593d   Thumb Code    18  stm32f10x_fsmc.o(.text)
    FSMC_ITConfig                            0x0800594f   Thumb Code    72  stm32f10x_fsmc.o(.text)
    FSMC_GetFlagStatus                       0x08005997   Thumb Code    40  stm32f10x_fsmc.o(.text)
    FSMC_ClearFlag                           0x080059bf   Thumb Code    38  stm32f10x_fsmc.o(.text)
    FSMC_GetITStatus                         0x080059e5   Thumb Code    48  stm32f10x_fsmc.o(.text)
    FSMC_ClearITPendingBit                   0x08005a15   Thumb Code    42  stm32f10x_fsmc.o(.text)
    GPIO_DeInit                              0x08005a45   Thumb Code   152  stm32f10x_gpio.o(.text)
    GPIO_AFIODeInit                          0x08005add   Thumb Code    22  stm32f10x_gpio.o(.text)
    GPIO_Init                                0x08005af3   Thumb Code   156  stm32f10x_gpio.o(.text)
    GPIO_StructInit                          0x08005b8f   Thumb Code    16  stm32f10x_gpio.o(.text)
    GPIO_ReadInputDataBit                    0x08005b9f   Thumb Code    14  stm32f10x_gpio.o(.text)
    GPIO_ReadInputData                       0x08005bad   Thumb Code     6  stm32f10x_gpio.o(.text)
    GPIO_ReadOutputDataBit                   0x08005bb3   Thumb Code    14  stm32f10x_gpio.o(.text)
    GPIO_ReadOutputData                      0x08005bc1   Thumb Code     6  stm32f10x_gpio.o(.text)
    GPIO_SetBits                             0x08005bc7   Thumb Code     4  stm32f10x_gpio.o(.text)
    GPIO_ResetBits                           0x08005bcb   Thumb Code     4  stm32f10x_gpio.o(.text)
    GPIO_WriteBit                            0x08005bcf   Thumb Code    10  stm32f10x_gpio.o(.text)
    GPIO_Write                               0x08005bd9   Thumb Code     4  stm32f10x_gpio.o(.text)
    GPIO_PinLockConfig                       0x08005bdd   Thumb Code    16  stm32f10x_gpio.o(.text)
    GPIO_EventOutputConfig                   0x08005bed   Thumb Code    22  stm32f10x_gpio.o(.text)
    GPIO_EventOutputCmd                      0x08005c03   Thumb Code     6  stm32f10x_gpio.o(.text)
    GPIO_PinRemapConfig                      0x08005c09   Thumb Code    82  stm32f10x_gpio.o(.text)
    GPIO_EXTILineConfig                      0x08005c5b   Thumb Code    34  stm32f10x_gpio.o(.text)
    GPIO_ETH_MediaInterfaceConfig            0x08005c7d   Thumb Code     8  stm32f10x_gpio.o(.text)
    RCC_DeInit                               0x08005ca9   Thumb Code    50  stm32f10x_rcc.o(.text)
    RCC_HSEConfig                            0x08005cdb   Thumb Code    48  stm32f10x_rcc.o(.text)
    RCC_GetFlagStatus                        0x08005d0b   Thumb Code    42  stm32f10x_rcc.o(.text)
    RCC_WaitForHSEStartUp                    0x08005d35   Thumb Code    44  stm32f10x_rcc.o(.text)
    RCC_AdjustHSICalibrationValue            0x08005d61   Thumb Code    16  stm32f10x_rcc.o(.text)
    RCC_HSICmd                               0x08005d71   Thumb Code     6  stm32f10x_rcc.o(.text)
    RCC_PLLConfig                            0x08005d77   Thumb Code    16  stm32f10x_rcc.o(.text)
    RCC_PLLCmd                               0x08005d87   Thumb Code     6  stm32f10x_rcc.o(.text)
    RCC_SYSCLKConfig                         0x08005d8d   Thumb Code    14  stm32f10x_rcc.o(.text)
    RCC_GetSYSCLKSource                      0x08005d9b   Thumb Code    10  stm32f10x_rcc.o(.text)
    RCC_HCLKConfig                           0x08005da5   Thumb Code    14  stm32f10x_rcc.o(.text)
    RCC_PCLK1Config                          0x08005db3   Thumb Code    14  stm32f10x_rcc.o(.text)
    RCC_PCLK2Config                          0x08005dc1   Thumb Code    16  stm32f10x_rcc.o(.text)
    RCC_ITConfig                             0x08005dd1   Thumb Code    18  stm32f10x_rcc.o(.text)
    RCC_USBCLKConfig                         0x08005de3   Thumb Code     8  stm32f10x_rcc.o(.text)
    RCC_ADCCLKConfig                         0x08005deb   Thumb Code    14  stm32f10x_rcc.o(.text)
    RCC_LSEConfig                            0x08005df9   Thumb Code    28  stm32f10x_rcc.o(.text)
    RCC_LSICmd                               0x08005e15   Thumb Code     6  stm32f10x_rcc.o(.text)
    RCC_RTCCLKConfig                         0x08005e1b   Thumb Code    10  stm32f10x_rcc.o(.text)
    RCC_RTCCLKCmd                            0x08005e25   Thumb Code     8  stm32f10x_rcc.o(.text)
    RCC_GetClocksFreq                        0x08005e2d   Thumb Code   132  stm32f10x_rcc.o(.text)
    RCC_AHBPeriphClockCmd                    0x08005eb1   Thumb Code    18  stm32f10x_rcc.o(.text)
    RCC_APB2PeriphClockCmd                   0x08005ec3   Thumb Code    18  stm32f10x_rcc.o(.text)
    RCC_APB1PeriphClockCmd                   0x08005ed5   Thumb Code    18  stm32f10x_rcc.o(.text)
    RCC_APB2PeriphResetCmd                   0x08005ee7   Thumb Code    18  stm32f10x_rcc.o(.text)
    RCC_APB1PeriphResetCmd                   0x08005ef9   Thumb Code    18  stm32f10x_rcc.o(.text)
    RCC_BackupResetCmd                       0x08005f0b   Thumb Code     8  stm32f10x_rcc.o(.text)
    RCC_ClockSecuritySystemCmd               0x08005f13   Thumb Code     6  stm32f10x_rcc.o(.text)
    RCC_MCOConfig                            0x08005f19   Thumb Code     6  stm32f10x_rcc.o(.text)
    RCC_ClearFlag                            0x08005f1f   Thumb Code    12  stm32f10x_rcc.o(.text)
    RCC_GetITStatus                          0x08005f2b   Thumb Code    16  stm32f10x_rcc.o(.text)
    RCC_ClearITPendingBit                    0x08005f3b   Thumb Code     6  stm32f10x_rcc.o(.text)
    USART_DeInit                             0x08005f61   Thumb Code    96  stm32f10x_usart.o(.text)
    USART_Init                               0x08005fc1   Thumb Code   166  stm32f10x_usart.o(.text)
    USART_StructInit                         0x08006067   Thumb Code    22  stm32f10x_usart.o(.text)
    USART_ClockInit                          0x0800607d   Thumb Code    30  stm32f10x_usart.o(.text)
    USART_ClockStructInit                    0x0800609b   Thumb Code    12  stm32f10x_usart.o(.text)
    USART_Cmd                                0x080060a7   Thumb Code    20  stm32f10x_usart.o(.text)
    USART_ITConfig                           0x080060bb   Thumb Code    48  stm32f10x_usart.o(.text)
    USART_DMACmd                             0x080060eb   Thumb Code    16  stm32f10x_usart.o(.text)
    USART_SetAddress                         0x080060fb   Thumb Code    16  stm32f10x_usart.o(.text)
    USART_WakeUpConfig                       0x0800610b   Thumb Code    16  stm32f10x_usart.o(.text)
    USART_ReceiverWakeUpCmd                  0x0800611b   Thumb Code    20  stm32f10x_usart.o(.text)
    USART_LINBreakDetectLengthConfig         0x0800612f   Thumb Code    16  stm32f10x_usart.o(.text)
    USART_LINCmd                             0x0800613f   Thumb Code    20  stm32f10x_usart.o(.text)
    USART_SendData                           0x08006153   Thumb Code     8  stm32f10x_usart.o(.text)
    USART_ReceiveData                        0x0800615b   Thumb Code     8  stm32f10x_usart.o(.text)
    USART_SendBreak                          0x08006163   Thumb Code    10  stm32f10x_usart.o(.text)
    USART_SetGuardTime                       0x0800616d   Thumb Code    16  stm32f10x_usart.o(.text)
    USART_SetPrescaler                       0x0800617d   Thumb Code    16  stm32f10x_usart.o(.text)
    USART_SmartCardCmd                       0x0800618d   Thumb Code    20  stm32f10x_usart.o(.text)
    USART_SmartCardNACKCmd                   0x080061a1   Thumb Code    20  stm32f10x_usart.o(.text)
    USART_HalfDuplexCmd                      0x080061b5   Thumb Code    20  stm32f10x_usart.o(.text)
    USART_OverSampling8Cmd                   0x080061c9   Thumb Code    20  stm32f10x_usart.o(.text)
    USART_OneBitMethodCmd                    0x080061dd   Thumb Code    20  stm32f10x_usart.o(.text)
    USART_IrDAConfig                         0x080061f1   Thumb Code    16  stm32f10x_usart.o(.text)
    USART_IrDACmd                            0x08006201   Thumb Code    20  stm32f10x_usart.o(.text)
    USART_GetFlagStatus                      0x08006215   Thumb Code    14  stm32f10x_usart.o(.text)
    USART_ClearFlag                          0x08006223   Thumb Code     6  stm32f10x_usart.o(.text)
    USART_GetITStatus                        0x08006229   Thumb Code    62  stm32f10x_usart.o(.text)
    USART_ClearITPendingBit                  0x08006267   Thumb Code    12  stm32f10x_usart.o(.text)
    xEventGroupCreate                        0x08006289   Thumb Code    26  event_groups.o(.text)
    xEventGroupSetBits                       0x080062a3   Thumb Code   132  event_groups.o(.text)
    xEventGroupSync                          0x08006327   Thumb Code   174  event_groups.o(.text)
    xEventGroupWaitBits                      0x080063d5   Thumb Code   240  event_groups.o(.text)
    xEventGroupClearBits                     0x080064c5   Thumb Code    56  event_groups.o(.text)
    vEventGroupClearBitsCallback             0x080064fd   Thumb Code     2  event_groups.o(.text)
    xEventGroupClearBitsFromISR              0x080064ff   Thumb Code    14  event_groups.o(.text)
    xEventGroupGetBitsFromISR                0x0800650d   Thumb Code    26  event_groups.o(.text)
    vEventGroupDelete                        0x08006527   Thumb Code    70  event_groups.o(.text)
    vEventGroupSetBitsCallback               0x0800656d   Thumb Code     2  event_groups.o(.text)
    xEventGroupSetBitsFromISR                0x0800656f   Thumb Code    14  event_groups.o(.text)
    uxEventGroupGetNumber                    0x0800657d   Thumb Code     8  event_groups.o(.text)
    vListInitialise                          0x080065c9   Thumb Code    22  list.o(.text)
    vListInitialiseItem                      0x080065df   Thumb Code     6  list.o(.text)
    vListInsertEnd                           0x080065e5   Thumb Code    24  list.o(.text)
    vListInsert                              0x080065fd   Thumb Code    48  list.o(.text)
    uxListRemove                             0x0800662d   Thumb Code    36  list.o(.text)
    xQueueGenericReset                       0x08006651   Thumb Code   128  queue.o(.text)
    xQueueGenericCreate                      0x080066d1   Thumb Code    82  queue.o(.text)
    xQueueGenericSend                        0x08006871   Thumb Code   350  queue.o(.text)
    xQueueCreateMutex                        0x080069cf   Thumb Code    36  queue.o(.text)
    xQueueGiveMutexRecursive                 0x080069f3   Thumb Code    98  queue.o(.text)
    xQueueGenericReceive                     0x08006a7b   Thumb Code   356  queue.o(.text)
    xQueueTakeMutexRecursive                 0x08006bdf   Thumb Code    68  queue.o(.text)
    xQueueCreateCountingSemaphore            0x08006c23   Thumb Code    62  queue.o(.text)
    xQueueGenericSendFromISR                 0x08006c61   Thumb Code   200  queue.o(.text)
    xQueueGiveFromISR                        0x08006d29   Thumb Code   172  queue.o(.text)
    xQueueReceiveFromISR                     0x08006dd5   Thumb Code   150  queue.o(.text)
    xQueuePeekFromISR                        0x08006e6b   Thumb Code   114  queue.o(.text)
    uxQueueMessagesWaiting                   0x08006edd   Thumb Code    36  queue.o(.text)
    uxQueueSpacesAvailable                   0x08006f01   Thumb Code    40  queue.o(.text)
    uxQueueMessagesWaitingFromISR            0x08006f29   Thumb Code    26  queue.o(.text)
    vQueueUnregisterQueue                    0x08006f43   Thumb Code    36  queue.o(.text)
    vQueueDelete                             0x08006f67   Thumb Code    38  queue.o(.text)
    uxQueueGetQueueNumber                    0x08006f8d   Thumb Code     4  queue.o(.text)
    vQueueSetQueueNumber                     0x08006f91   Thumb Code     4  queue.o(.text)
    ucQueueGetQueueType                      0x08006f95   Thumb Code     6  queue.o(.text)
    xQueueIsQueueEmptyFromISR                0x08006f9b   Thumb Code    34  queue.o(.text)
    xQueueIsQueueFullFromISR                 0x08006fbd   Thumb Code    38  queue.o(.text)
    vQueueAddToRegistry                      0x08006fe3   Thumb Code    32  queue.o(.text)
    pcQueueGetName                           0x08007003   Thumb Code    34  queue.o(.text)
    vQueueWaitForMessageRestricted           0x08007025   Thumb Code    68  queue.o(.text)
    xQueueCreateSet                          0x08007069   Thumb Code     8  queue.o(.text)
    xQueueAddToSet                           0x08007071   Thumb Code    34  queue.o(.text)
    xQueueRemoveFromSet                      0x08007093   Thumb Code    34  queue.o(.text)
    xQueueSelectFromSet                      0x080070b5   Thumb Code    18  queue.o(.text)
    xQueueSelectFromSetFromISR               0x080070c7   Thumb Code    18  queue.o(.text)
    xTaskCreate                              0x080071bd   Thumb Code    86  tasks.o(.text)
    vTaskDelete                              0x08007213   Thumb Code   154  tasks.o(.text)
    xTaskIncrementTick                       0x080072ad   Thumb Code   186  tasks.o(.text)
    xTaskResumeAll                           0x08007367   Thumb Code   182  tasks.o(.text)
    vTaskSuspendAll                          0x08007483   Thumb Code    10  tasks.o(.text)
    vTaskDelayUntil                          0x0800748d   Thumb Code   180  tasks.o(.text)
    vTaskDelay                               0x08007541   Thumb Code    66  tasks.o(.text)
    eTaskGetState                            0x08007583   Thumb Code    94  tasks.o(.text)
    uxTaskPriorityGet                        0x080075e1   Thumb Code    24  tasks.o(.text)
    uxTaskPriorityGetFromISR                 0x080075f9   Thumb Code    40  tasks.o(.text)
    vTaskPrioritySet                         0x08007621   Thumb Code   184  tasks.o(.text)
    vTaskSwitchContext                       0x080076d9   Thumb Code    84  tasks.o(.text)
    vTaskSuspend                             0x0800772d   Thumb Code   156  tasks.o(.text)
    vTaskResume                              0x080077f9   Thumb Code   116  tasks.o(.text)
    xTaskResumeFromISR                       0x0800786d   Thumb Code   126  tasks.o(.text)
    vTaskStartScheduler                      0x08007909   Thumb Code   130  tasks.o(.text)
    vTaskEndScheduler                        0x0800798b   Thumb Code    24  tasks.o(.text)
    xTaskGetTickCount                        0x080079a3   Thumb Code     6  tasks.o(.text)
    xTaskGetTickCountFromISR                 0x080079a9   Thumb Code    12  tasks.o(.text)
    uxTaskGetNumberOfTasks                   0x080079b5   Thumb Code     6  tasks.o(.text)
    pcTaskGetName                            0x080079bb   Thumb Code    38  tasks.o(.text)
    vTaskGetInfo                             0x080079e1   Thumb Code   126  tasks.o(.text)
    uxTaskGetSystemState                     0x08007ab3   Thumb Code   156  tasks.o(.text)
    vTaskPlaceOnEventList                    0x08007b4f   Thumb Code    46  tasks.o(.text)
    vTaskPlaceOnUnorderedEventList           0x08007b7d   Thumb Code    78  tasks.o(.text)
    vTaskPlaceOnEventListRestricted          0x08007bcb   Thumb Code    54  tasks.o(.text)
    xTaskRemoveFromEventList                 0x08007c01   Thumb Code   106  tasks.o(.text)
    xTaskRemoveFromUnorderedEventList        0x08007c6b   Thumb Code   116  tasks.o(.text)
    vTaskSetTimeOutState                     0x08007cdf   Thumb Code    34  tasks.o(.text)
    xTaskCheckForTimeOut                     0x08007d01   Thumb Code   114  tasks.o(.text)
    vTaskMissedYield                         0x08007d73   Thumb Code     8  tasks.o(.text)
    uxTaskGetTaskNumber                      0x08007d7b   Thumb Code     8  tasks.o(.text)
    vTaskSetTaskNumber                       0x08007d83   Thumb Code     8  tasks.o(.text)
    xTaskGetCurrentTaskHandle                0x08007d8b   Thumb Code     6  tasks.o(.text)
    xTaskGetSchedulerState                   0x08007d91   Thumb Code    22  tasks.o(.text)
    vTaskPriorityInherit                     0x08007da7   Thumb Code   124  tasks.o(.text)
    xTaskPriorityDisinherit                  0x08007e23   Thumb Code   144  tasks.o(.text)
    vTaskList                                0x08007eb3   Thumb Code   188  tasks.o(.text)
    uxTaskResetEventItemValue                0x08007f6f   Thumb Code    20  tasks.o(.text)
    pvTaskIncrementMutexHeldCount            0x08007f83   Thumb Code    18  tasks.o(.text)
    ulTaskNotifyTake                         0x08007f95   Thumb Code    96  tasks.o(.text)
    xTaskNotifyWait                          0x08007ff5   Thumb Code   128  tasks.o(.text)
    xTaskGenericNotify                       0x08008075   Thumb Code   190  tasks.o(.text)
    xTaskGenericNotifyFromISR                0x08008133   Thumb Code   256  tasks.o(.text)
    vTaskNotifyGiveFromISR                   0x08008233   Thumb Code   168  tasks.o(.text)
    xTaskNotifyStateClear                    0x080082db   Thumb Code    44  tasks.o(.text)
    xTimerGenericCommand                     0x0800847d   Thumb Code    98  timers.o(.text)
    xTimerCreateTimerTask                    0x08008603   Thumb Code    58  timers.o(.text)
    xTimerCreate                             0x0800863d   Thumb Code    72  timers.o(.text)
    xTimerGetTimerDaemonTaskHandle           0x08008685   Thumb Code    24  timers.o(.text)
    xTimerGetPeriod                          0x0800869d   Thumb Code    22  timers.o(.text)
    xTimerGetExpiryTime                      0x080086b3   Thumb Code    22  timers.o(.text)
    pcTimerGetName                           0x080086c9   Thumb Code    22  timers.o(.text)
    xTimerIsTimerActive                      0x080086df   Thumb Code    40  timers.o(.text)
    pvTimerGetTimerID                        0x08008707   Thumb Code    32  timers.o(.text)
    vTimerSetTimerID                         0x08008727   Thumb Code    34  timers.o(.text)
    xTimerPendFunctionCallFromISR            0x08008749   Thumb Code    34  timers.o(.text)
    xTimerPendFunctionCall                   0x0800876b   Thumb Code    60  timers.o(.text)
    pxPortInitialiseStack                    0x08008983   Thumb Code    32  port.o(.text)
    vPortSetupTimerInterrupt                 0x080089a3   Thumb Code    26  port.o(.text)
    xPortStartScheduler                      0x080089bd   Thumb Code   108  port.o(.text)
    vPortEndScheduler                        0x08008a29   Thumb Code    24  port.o(.text)
    vPortEnterCritical                       0x08008a41   Thumb Code    52  port.o(.text)
    vPortExitCritical                        0x08008a75   Thumb Code    34  port.o(.text)
    xPortSysTickHandler                      0x08008a97   Thumb Code    40  port.o(.text)
    vPortValidateInterruptPriority           0x08008abf   Thumb Code    72  port.o(.text)
    pvPortMalloc                             0x08008ba1   Thumb Code   214  heap_4.o(.text)
    vPortFree                                0x08008c77   Thumb Code    96  heap_4.o(.text)
    xPortGetFreeHeapSize                     0x08008cd7   Thumb Code     8  heap_4.o(.text)
    xPortGetMinimumEverFreeHeapSize          0x08008cdf   Thumb Code     8  heap_4.o(.text)
    vPortInitialiseBlocks                    0x08008ce7   Thumb Code     2  heap_4.o(.text)
    __use_no_semihosting                     0x08008d6d   Thumb Code     2  use_no_semi_2.o(.text)
    __2printf                                0x08008d71   Thumb Code    20  noretval__2printf.o(.text)
    __2sprintf                               0x08008d89   Thumb Code    34  noretval__2sprintf.o(.text)
    __printf                                 0x08008db1   Thumb Code   104  __printf.o(.text)
    _printf_str                              0x08008e19   Thumb Code    82  _printf_str.o(.text)
    _printf_int_dec                          0x08008e6d   Thumb Code   104  _printf_dec.o(.text)
    _printf_int_hex                          0x08008ee5   Thumb Code    84  _printf_hex_int.o(.text)
    _printf_longlong_hex                     0x08008ee5   Thumb Code     0  _printf_hex_int.o(.text)
    strcpy                                   0x08008f3d   Thumb Code    72  strcpy.o(.text)
    strlen                                   0x08008f85   Thumb Code    62  strlen.o(.text)
    __aeabi_memcpy                           0x08008fc3   Thumb Code     0  rt_memcpy_v6.o(.text)
    __rt_memcpy                              0x08008fc3   Thumb Code   138  rt_memcpy_v6.o(.text)
    _memcpy_lastbytes                        0x08009029   Thumb Code     0  rt_memcpy_v6.o(.text)
    __aeabi_memset                           0x0800904d   Thumb Code    16  aeabi_memset.o(.text)
    strcmp                                   0x0800905d   Thumb Code   128  strcmpv7m.o(.text)
    __use_two_region_memory                  0x080090dd   Thumb Code     2  heapauxi.o(.text)
    __rt_heap_escrow$2region                 0x080090df   Thumb Code     2  heapauxi.o(.text)
    __rt_heap_expand$2region                 0x080090e1   Thumb Code     2  heapauxi.o(.text)
    __I$use$semihosting                      0x080090e3   Thumb Code     0  use_no_semi.o(.text)
    __use_no_semihosting_swi                 0x080090e3   Thumb Code     2  use_no_semi.o(.text)
    __read_errno                             0x080090e5   Thumb Code    10  _rserrno.o(.text)
    __set_errno                              0x080090ef   Thumb Code    12  _rserrno.o(.text)
    _printf_int_common                       0x080090fb   Thumb Code   178  _printf_intcommon.o(.text)
    _printf_char_common                      0x080091b7   Thumb Code    32  _printf_char_common.o(.text)
    _sputc                                   0x080091dd   Thumb Code    10  _sputc.o(.text)
    _printf_cs_common                        0x080091e7   Thumb Code    20  _printf_char.o(.text)
    _printf_char                             0x080091fb   Thumb Code    16  _printf_char.o(.text)
    _printf_string                           0x0800920b   Thumb Code     8  _printf_char.o(.text)
    _printf_char_file                        0x08009215   Thumb Code    32  _printf_char_file.o(.text)
    __aeabi_memcpy4                          0x08009239   Thumb Code     0  rt_memcpy_w.o(.text)
    __aeabi_memcpy8                          0x08009239   Thumb Code     0  rt_memcpy_w.o(.text)
    __rt_memcpy_w                            0x08009239   Thumb Code   100  rt_memcpy_w.o(.text)
    _memcpy_lastbytes_aligned                0x08009281   Thumb Code     0  rt_memcpy_w.o(.text)
    __aeabi_memclr                           0x0800929d   Thumb Code     0  rt_memclr.o(.text)
    __rt_memclr                              0x0800929d   Thumb Code    68  rt_memclr.o(.text)
    _memset                                  0x080092a1   Thumb Code     0  rt_memclr.o(.text)
    __aeabi_errno_addr                       0x080092e1   Thumb Code     8  rt_errno_addr_intlibspace.o(.text)
    __errno$intlibspace                      0x080092e1   Thumb Code     0  rt_errno_addr_intlibspace.o(.text)
    __rt_errno_addr$intlibspace              0x080092e1   Thumb Code     0  rt_errno_addr_intlibspace.o(.text)
    ferror                                   0x080092e9   Thumb Code     8  ferror.o(.text)
    __aeabi_memclr4                          0x080092f1   Thumb Code     0  rt_memclr_w.o(.text)
    __aeabi_memclr8                          0x080092f1   Thumb Code     0  rt_memclr_w.o(.text)
    __rt_memclr_w                            0x080092f1   Thumb Code    78  rt_memclr_w.o(.text)
    _memset_w                                0x080092f5   Thumb Code     0  rt_memclr_w.o(.text)
    __user_libspace                          0x08009341   Thumb Code     8  libspace.o(.text)
    __user_perproc_libspace                  0x08009341   Thumb Code     0  libspace.o(.text)
    __user_perthread_libspace                0x08009341   Thumb Code     0  libspace.o(.text)
    __user_setup_stackheap                   0x08009349   Thumb Code    74  sys_stackheap_outer.o(.text)
    exit                                     0x08009393   Thumb Code    18  exit.o(.text)
    sqrt                                     0x080093a5   Thumb Code    76  sqrt.o(i.sqrt)
    __aeabi_dadd                             0x080093f1   Thumb Code     0  daddsub_clz.o(x$fpl$dadd)
    _dadd                                    0x080093f1   Thumb Code   332  daddsub_clz.o(x$fpl$dadd)
    __fpl_dcmp_Inf                           0x08009541   Thumb Code    24  dcmpi.o(x$fpl$dcmpinf)
    __aeabi_d2uiz                            0x08009559   Thumb Code     0  dfixu.o(x$fpl$dfixu)
    _dfixu                                   0x08009559   Thumb Code    90  dfixu.o(x$fpl$dfixu)
    __aeabi_ui2d                             0x080095b3   Thumb Code     0  dflt_clz.o(x$fpl$dfltu)
    _dfltu                                   0x080095b3   Thumb Code    38  dflt_clz.o(x$fpl$dfltu)
    __aeabi_cdcmple                          0x080095d9   Thumb Code     0  dleqf.o(x$fpl$dleqf)
    _dcmple                                  0x080095d9   Thumb Code   120  dleqf.o(x$fpl$dleqf)
    __fpl_dcmple_InfNaN                      0x0800963b   Thumb Code     0  dleqf.o(x$fpl$dleqf)
    __aeabi_dmul                             0x08009651   Thumb Code     0  dmul.o(x$fpl$dmul)
    _dmul                                    0x08009651   Thumb Code   332  dmul.o(x$fpl$dmul)
    __fpl_dnaninf                            0x080097a5   Thumb Code   156  dnaninf.o(x$fpl$dnaninf)
    __fpl_dretinf                            0x08009841   Thumb Code    12  dretinf.o(x$fpl$dretinf)
    __aeabi_cdrcmple                         0x0800984d   Thumb Code     0  drleqf.o(x$fpl$drleqf)
    _drcmple                                 0x0800984d   Thumb Code   108  drleqf.o(x$fpl$drleqf)
    __aeabi_drsub                            0x080098b9   Thumb Code     0  daddsub_clz.o(x$fpl$drsb)
    _drsb                                    0x080098b9   Thumb Code    22  daddsub_clz.o(x$fpl$drsb)
    _dsqrt                                   0x080098d1   Thumb Code   456  dsqrt_noumaal.o(x$fpl$dsqrt)
    __aeabi_dsub                             0x08009a9d   Thumb Code     0  daddsub_clz.o(x$fpl$dsub)
    _dsub                                    0x08009a9d   Thumb Code   464  daddsub_clz.o(x$fpl$dsub)
    __aeabi_f2d                              0x08009c71   Thumb Code     0  f2d.o(x$fpl$f2d)
    _f2d                                     0x08009c71   Thumb Code    86  f2d.o(x$fpl$f2d)
    __aeabi_fadd                             0x08009cc9   Thumb Code     0  faddsub_clz.o(x$fpl$fadd)
    _fadd                                    0x08009cc9   Thumb Code   196  faddsub_clz.o(x$fpl$fadd)
    __fpl_fcheck_NaN1                        0x08009d8d   Thumb Code     6  fcheck1.o(x$fpl$fcheck1)
    __aeabi_fdiv                             0x08009d99   Thumb Code     0  fdiv.o(x$fpl$fdiv)
    _fdiv                                    0x08009d99   Thumb Code   384  fdiv.o(x$fpl$fdiv)
    __aeabi_f2iz                             0x08009f1d   Thumb Code     0  ffix.o(x$fpl$ffix)
    _ffix                                    0x08009f1d   Thumb Code    54  ffix.o(x$fpl$ffix)
    __aeabi_f2uiz                            0x08009f55   Thumb Code     0  ffixu.o(x$fpl$ffixu)
    _ffixu                                   0x08009f55   Thumb Code    62  ffixu.o(x$fpl$ffixu)
    __aeabi_i2f                              0x08009f95   Thumb Code     0  fflt_clz.o(x$fpl$fflt)
    _fflt                                    0x08009f95   Thumb Code    48  fflt_clz.o(x$fpl$fflt)
    __aeabi_ui2f                             0x08009fc5   Thumb Code     0  fflt_clz.o(x$fpl$ffltu)
    _ffltu                                   0x08009fc5   Thumb Code    38  fflt_clz.o(x$fpl$ffltu)
    __aeabi_fmul                             0x08009fed   Thumb Code     0  fmul.o(x$fpl$fmul)
    _fmul                                    0x08009fed   Thumb Code   258  fmul.o(x$fpl$fmul)
    __fpl_fnaninf                            0x0800a0ef   Thumb Code   140  fnaninf.o(x$fpl$fnaninf)
    __fpl_fretinf                            0x0800a17b   Thumb Code    10  fretinf.o(x$fpl$fretinf)
    __aeabi_fsub                             0x0800a185   Thumb Code     0  faddsub_clz.o(x$fpl$fsub)
    _fsub                                    0x0800a185   Thumb Code   234  faddsub_clz.o(x$fpl$fsub)
    __fpl_return_NaN                         0x0800a26f   Thumb Code   100  retnan.o(x$fpl$retnan)
    __ARM_scalbnf                            0x0800a2d3   Thumb Code    76  scalbnf.o(x$fpl$scalbnf)
    __fpl_cmpreturn                          0x0800a31f   Thumb Code    48  trapv.o(x$fpl$trapveneer)
    __I$use$fp                               0x0800a34e   Number         0  usenofp.o(x$fpl$usenofp)
    asc2_1206                                0x0800a34e   Data        1140  lcd.o(.constdata)
    asc2_1608                                0x0800a7c2   Data        1520  lcd.o(.constdata)
    asc2_2412                                0x0800adb2   Data        3420  lcd.o(.constdata)
    chinese_one_1616                         0x0800bb0e   Data         192  lcd.o(.constdata)
    chinese_two_1616                         0x0800bbce   Data         352  lcd.o(.constdata)
    FT5206_TPX_TBL                           0x0800bd2e   Data          10  ft5206.o(.constdata)
    GT911_TPX_TBL                            0x0800bd38   Data          10  ft5206.o(.constdata)
    GT9147_CFG_TBL                           0x0800bd42   Data         184  gt9147.o(.constdata)
    GT9147_TPX_TBL                           0x0800bdfa   Data          10  gt9147.o(.constdata)
    OTT_TPX_TBL                              0x0800be04   Data          10  ott2001a.o(.constdata)
    TP_REMIND_MSG_TBL                        0x0800be10   Data           4  touch.o(.constdata)
    Region$$Table$$Base                      0x0800bf00   Number         0  anon$$obj.o(Region$$Table)
    Region$$Table$$Limit                     0x0800bf20   Number         0  anon$$obj.o(Region$$Table)
    err                                      0x20000000   Data           1  main.o(.data)
    led_on_flag                              0x20000001   Data           1  main.o(.data)
    key                                      0x20000002   Data           1  main.o(.data)
    StartTask_Handler                        0x20000004   Data           4  main.o(.data)
    LCDTask_Handler                          0x20000008   Data           4  main.o(.data)
    LED0Task_Handler                         0x2000000c   Data           4  main.o(.data)
    LED1Task_Handler                         0x20000010   Data           4  main.o(.data)
    EventGroupHandler                        0x20000014   Data           4  main.o(.data)
    kbd_menu                                 0x20000018   Data          60  main.o(.data)
    SystemCoreClock                          0x20000054   Data           4  system_stm32f10x.o(.data)
    AHBPrescTable                            0x20000058   Data          16  system_stm32f10x.o(.data)
    POINT_COLOR                              0x2000006e   Data           2  lcd.o(.data)
    BACK_COLOR                               0x20000070   Data           2  lcd.o(.data)
    kbd_tbl                                  0x20000074   Data           4  lcd.o(.data)
    g_gt_tnum                                0x20000078   Data           1  ft5206.o(.data)
    CIP                                      0x2000007a   Data           5  ft5206.o(.data)
    CMD_RDX                                  0x20000084   Data           1  touch.o(.data)
    CMD_RDY                                  0x20000085   Data           1  touch.o(.data)
    tp_dev                                   0x20000088   Data          52  touch.o(.data)
    USART_RX_STA                             0x200000c0   Data           2  usart.o(.data)
    __stdout                                 0x200000c4   Data           4  usart.o(.data)
    pxCurrentTCB                             0x200000dc   Data           4  tasks.o(.data)
    lcddev                                   0x20000150   Data          14  lcd.o(.bss)
    USART_RX_BUF                             0x2000015e   Data         200  usart.o(.bss)
    xQueueRegistry                           0x20000228   Data          64  queue.o(.bss)
    __libspace_start                         0x20005574   Data          96  libspace.o(.bss)
    __temporary_stack_top$libspace           0x200055d4   Data           0  libspace.o(.bss)



==============================================================================

Memory Map of the image

  Image Entry point : 0x08000131

  Load Region LR_IROM1 (Base: 0x08000000, Size: 0x0000c070, Max: 0x00040000, ABSOLUTE, COMPRESSED[0x0000bf88])

    Execution Region ER_IROM1 (Exec base: 0x08000000, Load base: 0x08000000, Size: 0x0000bf20, Max: 0x00040000, ABSOLUTE)

    Exec Addr    Load Addr    Size         Type   Attr      Idx    E Section Name        Object

    0x08000000   0x08000000   0x00000130   Data   RO          522    RESET               startup_stm32f10x_hd.o
    0x08000130   0x08000130   0x00000008   Code   RO         1051  * !!!main             c_w.l(__main.o)
    0x08000138   0x08000138   0x00000034   Code   RO         1319    !!!scatter          c_w.l(__scatter.o)
    0x0800016c   0x0800016c   0x0000005a   Code   RO         1317    !!dczerorl2         c_w.l(__dczerorl2.o)
    0x080001c6   0x080001c6   0x00000002   PAD
    0x080001c8   0x080001c8   0x0000001c   Code   RO         1321    !!handler_zi        c_w.l(__scatter_zi.o)
    0x080001e4   0x080001e4   0x00000000   Code   RO         1038    .ARM.Collect$$_printf_percent$$00000000  c_w.l(_printf_percent.o)
    0x080001e4   0x080001e4   0x00000006   Code   RO         1036    .ARM.Collect$$_printf_percent$$00000009  c_w.l(_printf_d.o)
    0x080001ea   0x080001ea   0x00000006   Code   RO         1037    .ARM.Collect$$_printf_percent$$0000000A  c_w.l(_printf_u.o)
    0x080001f0   0x080001f0   0x00000006   Code   RO         1035    .ARM.Collect$$_printf_percent$$0000000C  c_w.l(_printf_x.o)
    0x080001f6   0x080001f6   0x00000006   Code   RO         1033    .ARM.Collect$$_printf_percent$$00000013  c_w.l(_printf_c.o)
    0x080001fc   0x080001fc   0x00000006   Code   RO         1034    .ARM.Collect$$_printf_percent$$00000014  c_w.l(_printf_s.o)
    0x08000202   0x08000202   0x00000004   Code   RO         1128    .ARM.Collect$$_printf_percent$$00000017  c_w.l(_printf_percent_end.o)
    0x08000206   0x08000206   0x00000002   Code   RO         1190    .ARM.Collect$$libinit$$00000000  c_w.l(libinit.o)
    0x08000208   0x08000208   0x00000000   Code   RO         1196    .ARM.Collect$$libinit$$00000002  c_w.l(libinit2.o)
    0x08000208   0x08000208   0x00000000   Code   RO         1198    .ARM.Collect$$libinit$$00000004  c_w.l(libinit2.o)
    0x08000208   0x08000208   0x00000000   Code   RO         1201    .ARM.Collect$$libinit$$0000000A  c_w.l(libinit2.o)
    0x08000208   0x08000208   0x00000000   Code   RO         1203    .ARM.Collect$$libinit$$0000000C  c_w.l(libinit2.o)
    0x08000208   0x08000208   0x00000000   Code   RO         1205    .ARM.Collect$$libinit$$0000000E  c_w.l(libinit2.o)
    0x08000208   0x08000208   0x00000000   Code   RO         1208    .ARM.Collect$$libinit$$00000011  c_w.l(libinit2.o)
    0x08000208   0x08000208   0x00000000   Code   RO         1210    .ARM.Collect$$libinit$$00000013  c_w.l(libinit2.o)
    0x08000208   0x08000208   0x00000000   Code   RO         1212    .ARM.Collect$$libinit$$00000015  c_w.l(libinit2.o)
    0x08000208   0x08000208   0x00000000   Code   RO         1214    .ARM.Collect$$libinit$$00000017  c_w.l(libinit2.o)
    0x08000208   0x08000208   0x00000000   Code   RO         1216    .ARM.Collect$$libinit$$00000019  c_w.l(libinit2.o)
    0x08000208   0x08000208   0x00000000   Code   RO         1218    .ARM.Collect$$libinit$$0000001B  c_w.l(libinit2.o)
    0x08000208   0x08000208   0x00000000   Code   RO         1220    .ARM.Collect$$libinit$$0000001D  c_w.l(libinit2.o)
    0x08000208   0x08000208   0x00000000   Code   RO         1222    .ARM.Collect$$libinit$$0000001F  c_w.l(libinit2.o)
    0x08000208   0x08000208   0x00000000   Code   RO         1224    .ARM.Collect$$libinit$$00000021  c_w.l(libinit2.o)
    0x08000208   0x08000208   0x00000000   Code   RO         1226    .ARM.Collect$$libinit$$00000023  c_w.l(libinit2.o)
    0x08000208   0x08000208   0x00000000   Code   RO         1228    .ARM.Collect$$libinit$$00000025  c_w.l(libinit2.o)
    0x08000208   0x08000208   0x00000000   Code   RO         1232    .ARM.Collect$$libinit$$0000002C  c_w.l(libinit2.o)
    0x08000208   0x08000208   0x00000000   Code   RO         1234    .ARM.Collect$$libinit$$0000002E  c_w.l(libinit2.o)
    0x08000208   0x08000208   0x00000000   Code   RO         1236    .ARM.Collect$$libinit$$00000030  c_w.l(libinit2.o)
    0x08000208   0x08000208   0x00000000   Code   RO         1238    .ARM.Collect$$libinit$$00000032  c_w.l(libinit2.o)
    0x08000208   0x08000208   0x00000002   Code   RO         1239    .ARM.Collect$$libinit$$00000033  c_w.l(libinit2.o)
    0x0800020a   0x0800020a   0x00000002   Code   RO         1257    .ARM.Collect$$libshutdown$$00000000  c_w.l(libshutdown.o)
    0x0800020c   0x0800020c   0x00000000   Code   RO         1267    .ARM.Collect$$libshutdown$$00000002  c_w.l(libshutdown2.o)
    0x0800020c   0x0800020c   0x00000000   Code   RO         1269    .ARM.Collect$$libshutdown$$00000004  c_w.l(libshutdown2.o)
    0x0800020c   0x0800020c   0x00000000   Code   RO         1271    .ARM.Collect$$libshutdown$$00000006  c_w.l(libshutdown2.o)
    0x0800020c   0x0800020c   0x00000000   Code   RO         1274    .ARM.Collect$$libshutdown$$00000009  c_w.l(libshutdown2.o)
    0x0800020c   0x0800020c   0x00000000   Code   RO         1277    .ARM.Collect$$libshutdown$$0000000C  c_w.l(libshutdown2.o)
    0x0800020c   0x0800020c   0x00000000   Code   RO         1279    .ARM.Collect$$libshutdown$$0000000E  c_w.l(libshutdown2.o)
    0x0800020c   0x0800020c   0x00000000   Code   RO         1282    .ARM.Collect$$libshutdown$$00000011  c_w.l(libshutdown2.o)
    0x0800020c   0x0800020c   0x00000002   Code   RO         1283    .ARM.Collect$$libshutdown$$00000012  c_w.l(libshutdown2.o)
    0x0800020e   0x0800020e   0x00000000   Code   RO         1115    .ARM.Collect$$rtentry$$00000000  c_w.l(__rtentry.o)
    0x0800020e   0x0800020e   0x00000000   Code   RO         1149    .ARM.Collect$$rtentry$$00000002  c_w.l(__rtentry2.o)
    0x0800020e   0x0800020e   0x00000006   Code   RO         1161    .ARM.Collect$$rtentry$$00000004  c_w.l(__rtentry4.o)
    0x08000214   0x08000214   0x00000000   Code   RO         1151    .ARM.Collect$$rtentry$$00000009  c_w.l(__rtentry2.o)
    0x08000214   0x08000214   0x00000004   Code   RO         1152    .ARM.Collect$$rtentry$$0000000A  c_w.l(__rtentry2.o)
    0x08000218   0x08000218   0x00000000   Code   RO         1154    .ARM.Collect$$rtentry$$0000000C  c_w.l(__rtentry2.o)
    0x08000218   0x08000218   0x00000008   Code   RO         1155    .ARM.Collect$$rtentry$$0000000D  c_w.l(__rtentry2.o)
    0x08000220   0x08000220   0x00000002   Code   RO         1193    .ARM.Collect$$rtexit$$00000000  c_w.l(rtexit.o)
    0x08000222   0x08000222   0x00000000   Code   RO         1241    .ARM.Collect$$rtexit$$00000002  c_w.l(rtexit2.o)
    0x08000222   0x08000222   0x00000004   Code   RO         1242    .ARM.Collect$$rtexit$$00000003  c_w.l(rtexit2.o)
    0x08000226   0x08000226   0x00000006   Code   RO         1243    .ARM.Collect$$rtexit$$00000004  c_w.l(rtexit2.o)
    0x0800022c   0x0800022c   0x00000096   Code   RO          928    .emb_text           port.o
    0x080002c2   0x080002c2   0x00000002   PAD
    0x080002c4   0x080002c4   0x0000038c   Code   RO            1    .text               main.o
    0x08000650   0x08000650   0x0000000c   Code   RO          184    .text               stm32f10x_it.o
    0x0800065c   0x0800065c   0x00000158   Code   RO          225    .text               system_stm32f10x.o
    0x080007b4   0x080007b4   0x0000013e   Code   RO          243    .text               24cxx.o
    0x080008f2   0x080008f2   0x00000002   PAD
    0x080008f4   0x080008f4   0x0000022c   Code   RO          261    .text               myiic.o
    0x08000b20   0x08000b20   0x000000dc   Code   RO          273    .text               key.o
    0x08000bfc   0x08000bfc   0x00002d34   Code   RO          286    .text               lcd.o
    0x08003930   0x08003930   0x00000050   Code   RO          322    .text               led.o
    0x08003980   0x08003980   0x0000026c   Code   RO          334    .text               ctiic.o
    0x08003bec   0x08003bec   0x00000424   Code   RO          350    .text               ft5206.o
    0x08004010   0x08004010   0x000003a0   Code   RO          369    .text               gt9147.o
    0x080043b0   0x080043b0   0x000002e4   Code   RO          385    .text               ott2001a.o
    0x08004694   0x08004694   0x00000b70   Code   RO          402    .text               touch.o
    0x08005204   0x08005204   0x000000e8   Code   RO          427    .text               showkey.o
    0x080052ec   0x080052ec   0x000000d8   Code   RO          442    .text               delay.o
    0x080053c4   0x080053c4   0x00000114   Code   RO          483    .text               usart.o
    0x080054d8   0x080054d8   0x00000040   Code   RO          523    .text               startup_stm32f10x_hd.o
    0x08005518   0x08005518   0x000000b0   Code   RO          527    .text               misc.o
    0x080055c8   0x080055c8   0x0000047c   Code   RO          660    .text               stm32f10x_fsmc.o
    0x08005a44   0x08005a44   0x00000264   Code   RO          672    .text               stm32f10x_gpio.o
    0x08005ca8   0x08005ca8   0x000002b8   Code   RO          720    .text               stm32f10x_rcc.o
    0x08005f60   0x08005f60   0x00000328   Code   RO          784    .text               stm32f10x_usart.o
    0x08006288   0x08006288   0x00000340   Code   RO          817    .text               event_groups.o
    0x080065c8   0x080065c8   0x00000088   Code   RO          850    .text               list.o
    0x08006650   0x08006650   0x00000aac   Code   RO          862    .text               queue.o
    0x080070fc   0x080070fc   0x0000134c   Code   RO          881    .text               tasks.o
    0x08008448   0x08008448   0x00000518   Code   RO          913    .text               timers.o
    0x08008960   0x08008960   0x000001f8   Code   RO          929    .text               port.o
    0x08008b58   0x08008b58   0x00000214   Code   RO          959    .text               heap_4.o
    0x08008d6c   0x08008d6c   0x00000002   Code   RO          976    .text               c_w.l(use_no_semi_2.o)
    0x08008d6e   0x08008d6e   0x00000002   PAD
    0x08008d70   0x08008d70   0x00000018   Code   RO          982    .text               c_w.l(noretval__2printf.o)
    0x08008d88   0x08008d88   0x00000028   Code   RO          984    .text               c_w.l(noretval__2sprintf.o)
    0x08008db0   0x08008db0   0x00000068   Code   RO          986    .text               c_w.l(__printf.o)
    0x08008e18   0x08008e18   0x00000052   Code   RO          988    .text               c_w.l(_printf_str.o)
    0x08008e6a   0x08008e6a   0x00000002   PAD
    0x08008e6c   0x08008e6c   0x00000078   Code   RO          990    .text               c_w.l(_printf_dec.o)
    0x08008ee4   0x08008ee4   0x00000058   Code   RO          995    .text               c_w.l(_printf_hex_int.o)
    0x08008f3c   0x08008f3c   0x00000048   Code   RO         1039    .text               c_w.l(strcpy.o)
    0x08008f84   0x08008f84   0x0000003e   Code   RO         1041    .text               c_w.l(strlen.o)
    0x08008fc2   0x08008fc2   0x0000008a   Code   RO         1043    .text               c_w.l(rt_memcpy_v6.o)
    0x0800904c   0x0800904c   0x00000010   Code   RO         1045    .text               c_w.l(aeabi_memset.o)
    0x0800905c   0x0800905c   0x00000080   Code   RO         1047    .text               c_w.l(strcmpv7m.o)
    0x080090dc   0x080090dc   0x00000006   Code   RO         1049    .text               c_w.l(heapauxi.o)
    0x080090e2   0x080090e2   0x00000002   Code   RO         1113    .text               c_w.l(use_no_semi.o)
    0x080090e4   0x080090e4   0x00000016   Code   RO         1116    .text               c_w.l(_rserrno.o)
    0x080090fa   0x080090fa   0x000000b2   Code   RO         1118    .text               c_w.l(_printf_intcommon.o)
    0x080091ac   0x080091ac   0x00000030   Code   RO         1120    .text               c_w.l(_printf_char_common.o)
    0x080091dc   0x080091dc   0x0000000a   Code   RO         1122    .text               c_w.l(_sputc.o)
    0x080091e6   0x080091e6   0x0000002c   Code   RO         1124    .text               c_w.l(_printf_char.o)
    0x08009212   0x08009212   0x00000002   PAD
    0x08009214   0x08009214   0x00000024   Code   RO         1126    .text               c_w.l(_printf_char_file.o)
    0x08009238   0x08009238   0x00000064   Code   RO         1129    .text               c_w.l(rt_memcpy_w.o)
    0x0800929c   0x0800929c   0x00000044   Code   RO         1131    .text               c_w.l(rt_memclr.o)
    0x080092e0   0x080092e0   0x00000008   Code   RO         1166    .text               c_w.l(rt_errno_addr_intlibspace.o)
    0x080092e8   0x080092e8   0x00000008   Code   RO         1170    .text               c_w.l(ferror.o)
    0x080092f0   0x080092f0   0x0000004e   Code   RO         1174    .text               c_w.l(rt_memclr_w.o)
    0x0800933e   0x0800933e   0x00000002   PAD
    0x08009340   0x08009340   0x00000008   Code   RO         1178    .text               c_w.l(libspace.o)
    0x08009348   0x08009348   0x0000004a   Code   RO         1181    .text               c_w.l(sys_stackheap_outer.o)
    0x08009392   0x08009392   0x00000012   Code   RO         1183    .text               c_w.l(exit.o)
    0x080093a4   0x080093a4   0x0000004c   Code   RO         1106    i.sqrt              m_ws.l(sqrt.o)
    0x080093f0   0x080093f0   0x00000150   Code   RO         1053    x$fpl$dadd          fz_ws.l(daddsub_clz.o)
    0x08009540   0x08009540   0x00000018   Code   RO         1133    x$fpl$dcmpinf       fz_ws.l(dcmpi.o)
    0x08009558   0x08009558   0x0000005a   Code   RO         1059    x$fpl$dfixu         fz_ws.l(dfixu.o)
    0x080095b2   0x080095b2   0x00000026   Code   RO         1063    x$fpl$dfltu         fz_ws.l(dflt_clz.o)
    0x080095d8   0x080095d8   0x00000078   Code   RO         1069    x$fpl$dleqf         fz_ws.l(dleqf.o)
    0x08009650   0x08009650   0x00000154   Code   RO         1071    x$fpl$dmul          fz_ws.l(dmul.o)
    0x080097a4   0x080097a4   0x0000009c   Code   RO         1135    x$fpl$dnaninf       fz_ws.l(dnaninf.o)
    0x08009840   0x08009840   0x0000000c   Code   RO         1137    x$fpl$dretinf       fz_ws.l(dretinf.o)
    0x0800984c   0x0800984c   0x0000006c   Code   RO         1073    x$fpl$drleqf        fz_ws.l(drleqf.o)
    0x080098b8   0x080098b8   0x00000016   Code   RO         1054    x$fpl$drsb          fz_ws.l(daddsub_clz.o)
    0x080098ce   0x080098ce   0x00000002   PAD
    0x080098d0   0x080098d0   0x000001cc   Code   RO         1139    x$fpl$dsqrt         fz_ws.l(dsqrt_noumaal.o)
    0x08009a9c   0x08009a9c   0x000001d4   Code   RO         1055    x$fpl$dsub          fz_ws.l(daddsub_clz.o)
    0x08009c70   0x08009c70   0x00000056   Code   RO         1075    x$fpl$f2d           fz_ws.l(f2d.o)
    0x08009cc6   0x08009cc6   0x00000002   PAD
    0x08009cc8   0x08009cc8   0x000000c4   Code   RO         1077    x$fpl$fadd          fz_ws.l(faddsub_clz.o)
    0x08009d8c   0x08009d8c   0x0000000c   Code   RO         1141    x$fpl$fcheck1       fz_ws.l(fcheck1.o)
    0x08009d98   0x08009d98   0x00000184   Code   RO         1084    x$fpl$fdiv          fz_ws.l(fdiv.o)
    0x08009f1c   0x08009f1c   0x00000036   Code   RO         1087    x$fpl$ffix          fz_ws.l(ffix.o)
    0x08009f52   0x08009f52   0x00000002   PAD
    0x08009f54   0x08009f54   0x0000003e   Code   RO         1091    x$fpl$ffixu         fz_ws.l(ffixu.o)
    0x08009f92   0x08009f92   0x00000002   PAD
    0x08009f94   0x08009f94   0x00000030   Code   RO         1096    x$fpl$fflt          fz_ws.l(fflt_clz.o)
    0x08009fc4   0x08009fc4   0x00000026   Code   RO         1095    x$fpl$ffltu         fz_ws.l(fflt_clz.o)
    0x08009fea   0x08009fea   0x00000002   PAD
    0x08009fec   0x08009fec   0x00000102   Code   RO         1101    x$fpl$fmul          fz_ws.l(fmul.o)
    0x0800a0ee   0x0800a0ee   0x0000008c   Code   RO         1143    x$fpl$fnaninf       fz_ws.l(fnaninf.o)
    0x0800a17a   0x0800a17a   0x0000000a   Code   RO         1145    x$fpl$fretinf       fz_ws.l(fretinf.o)
    0x0800a184   0x0800a184   0x000000ea   Code   RO         1079    x$fpl$fsub          fz_ws.l(faddsub_clz.o)
    0x0800a26e   0x0800a26e   0x00000064   Code   RO         1176    x$fpl$retnan        fz_ws.l(retnan.o)
    0x0800a2d2   0x0800a2d2   0x0000004c   Code   RO         1103    x$fpl$scalbnf       fz_ws.l(scalbnf.o)
    0x0800a31e   0x0800a31e   0x00000030   Code   RO         1191    x$fpl$trapveneer    fz_ws.l(trapv.o)
    0x0800a34e   0x0800a34e   0x00000000   Code   RO         1147    x$fpl$usenofp       fz_ws.l(usenofp.o)
    0x0800a34e   0x0800a34e   0x000019e0   Data   RO          288    .constdata          lcd.o
    0x0800bd2e   0x0800bd2e   0x00000014   Data   RO          351    .constdata          ft5206.o
    0x0800bd42   0x0800bd42   0x000000c2   Data   RO          370    .constdata          gt9147.o
    0x0800be04   0x0800be04   0x0000000a   Data   RO          386    .constdata          ott2001a.o
    0x0800be0e   0x0800be0e   0x00000002   PAD
    0x0800be10   0x0800be10   0x00000004   Data   RO          403    .constdata          touch.o
    0x0800be14   0x0800be14   0x00000028   Data   RO          996    .constdata          c_w.l(_printf_hex_int.o)
    0x0800be3c   0x0800be3c   0x00000046   Data   RO            2    .conststring        main.o
    0x0800be82   0x0800be82   0x00000002   PAD
    0x0800be84   0x0800be84   0x00000079   Data   RO          404    .conststring        touch.o
    0x0800befd   0x0800befd   0x00000003   PAD
    0x0800bf00   0x0800bf00   0x00000020   Data   RO         1315    Region$$Table       anon$$obj.o


    Execution Region RW_IRAM1 (Exec base: 0x20000000, Load base: 0x0800bf20, Size: 0x00005bd8, Max: 0x0000c000, ABSOLUTE, COMPRESSED[0x00000068])

    Exec Addr    Load Addr    Size         Type   Attr      Idx    E Section Name        Object

    0x20000000   COMPRESSED   0x00000054   Data   RW            3    .data               main.o
    0x20000054   COMPRESSED   0x00000014   Data   RW          226    .data               system_stm32f10x.o
    0x20000068   COMPRESSED   0x00000001   Data   RW          274    .data               key.o
    0x20000069   COMPRESSED   0x00000003   PAD
    0x2000006c   COMPRESSED   0x0000000c   Data   RW          289    .data               lcd.o
    0x20000078   COMPRESSED   0x00000007   Data   RW          352    .data               ft5206.o
    0x2000007f   COMPRESSED   0x00000001   Data   RW          371    .data               gt9147.o
    0x20000080   COMPRESSED   0x00000001   Data   RW          387    .data               ott2001a.o
    0x20000081   COMPRESSED   0x00000003   PAD
    0x20000084   COMPRESSED   0x00000038   Data   RW          405    .data               touch.o
    0x200000bc   COMPRESSED   0x00000004   Data   RW          443    .data               delay.o
    0x200000c0   COMPRESSED   0x00000002   Data   RW          485    .data               usart.o
    0x200000c2   COMPRESSED   0x00000002   PAD
    0x200000c4   COMPRESSED   0x00000004   Data   RW          486    .data               usart.o
    0x200000c8   COMPRESSED   0x00000014   Data   RW          721    .data               stm32f10x_rcc.o
    0x200000dc   COMPRESSED   0x0000003c   Data   RW          883    .data               tasks.o
    0x20000118   COMPRESSED   0x00000014   Data   RW          915    .data               timers.o
    0x2000012c   COMPRESSED   0x0000000c   Data   RW          930    .data               port.o
    0x20000138   COMPRESSED   0x00000018   Data   RW          961    .data               heap_4.o
    0x20000150        -       0x0000000e   Zero   RW          287    .bss                lcd.o
    0x2000015e        -       0x000000c8   Zero   RW          484    .bss                usart.o
    0x20000226   COMPRESSED   0x00000002   PAD
    0x20000228        -       0x00000040   Zero   RW          863    .bss                queue.o
    0x20000268        -       0x000002e4   Zero   RW          882    .bss                tasks.o
    0x2000054c        -       0x00000028   Zero   RW          914    .bss                timers.o
    0x20000574        -       0x00005000   Zero   RW          960    .bss                heap_4.o
    0x20005574        -       0x00000060   Zero   RW         1179    .bss                c_w.l(libspace.o)
    0x200055d4   COMPRESSED   0x00000004   PAD
    0x200055d8        -       0x00000200   Zero   RW          521    HEAP                startup_stm32f10x_hd.o
    0x200057d8        -       0x00000400   Zero   RW          520    STACK               startup_stm32f10x_hd.o


==============================================================================

Image component sizes


      Code (inc. data)   RO Data    RW Data    ZI Data      Debug   Object Name

       318          0          0          0          0       2794   24cxx.o
       620         16          0          0          0       2867   ctiic.o
       216         12          0          4          0       1613   delay.o
       832         48          0          0          0      14896   event_groups.o
      1060         54         20          7          0       3247   ft5206.o
       928         66        194          1          0       3242   gt9147.o
       532         66          0         24      20480       3400   heap_4.o
       220         14          0          1          0        864   key.o
     11572        164       6624         12         14      56509   lcd.o
        80         10          0          0          0        495   led.o
       136          0          0          0          0       1794   list.o
       908        314         70         84          0     255800   main.o
       176         14          0          0          0       1889   misc.o
       556         10          0          0          0       1984   myiic.o
       740         54         10          1          0       2877   ott2001a.o
       654         94          0         12          0       7673   port.o
      2732         52          0          0         64      19524   queue.o
       232          4          0          0          0       1736   showkey.o
        64         26        304          0       1536        784   startup_stm32f10x_hd.o
      1148          6          0          0          0       5851   stm32f10x_fsmc.o
       612         36          0          0          0       6017   stm32f10x_gpio.o
        12          0          0          0          0        883   stm32f10x_it.o
       696         32          0         20          0       8992   stm32f10x_rcc.o
       808         22          0          0          0       8884   stm32f10x_usart.o
         0          0          0          0          0         32   sys.o
       344         34          0         20          0       1763   system_stm32f10x.o
      4940        180          0         60        740      33282   tasks.o
      1304        128          0         20         40       9052   timers.o
      2928        176        125         56          0       7187   touch.o
       276         16          0          6        200       3230   usart.o

    ----------------------------------------------------------------------
     35648       1648       7386        336      23076     469161   Object Totals
         0          0         32          0          0          0   (incl. Generated)
         4          0          7          8          2          0   (incl. Padding)

    ----------------------------------------------------------------------

      Code (inc. data)   RO Data    RW Data    ZI Data      Debug   Library Member Name

        90          0          0          0          0          0   __dczerorl2.o
         8          0          0          0          0         68   __main.o
       104          0          0          0          0         84   __printf.o
         0          0          0          0          0          0   __rtentry.o
        12          0          0          0          0          0   __rtentry2.o
         6          0          0          0          0          0   __rtentry4.o
        52          8          0          0          0          0   __scatter.o
        28          0          0          0          0          0   __scatter_zi.o
         6          0          0          0          0          0   _printf_c.o
        44          0          0          0          0        108   _printf_char.o
        48          6          0          0          0         96   _printf_char_common.o
        36          4          0          0          0         80   _printf_char_file.o
         6          0          0          0          0          0   _printf_d.o
       120         16          0          0          0         92   _printf_dec.o
        88          4         40          0          0         88   _printf_hex_int.o
       178          0          0          0          0         88   _printf_intcommon.o
         0          0          0          0          0          0   _printf_percent.o
         4          0          0          0          0          0   _printf_percent_end.o
         6          0          0          0          0          0   _printf_s.o
        82          0          0          0          0         80   _printf_str.o
         6          0          0          0          0          0   _printf_u.o
         6          0          0          0          0          0   _printf_x.o
        22          0          0          0          0        100   _rserrno.o
        10          0          0          0          0         68   _sputc.o
        16          0          0          0          0         68   aeabi_memset.o
        18          0          0          0          0         80   exit.o
         8          0          0          0          0         68   ferror.o
         6          0          0          0          0        152   heapauxi.o
         2          0          0          0          0          0   libinit.o
         2          0          0          0          0          0   libinit2.o
         2          0          0          0          0          0   libshutdown.o
         2          0          0          0          0          0   libshutdown2.o
         8          4          0          0         96         68   libspace.o
        24          4          0          0          0         84   noretval__2printf.o
        40          6          0          0          0         84   noretval__2sprintf.o
         8          4          0          0          0         68   rt_errno_addr_intlibspace.o
        68          0          0          0          0         68   rt_memclr.o
        78          0          0          0          0         80   rt_memclr_w.o
       138          0          0          0          0         68   rt_memcpy_v6.o
       100          0          0          0          0         80   rt_memcpy_w.o
         2          0          0          0          0          0   rtexit.o
        10          0          0          0          0          0   rtexit2.o
       128          0          0          0          0         68   strcmpv7m.o
        72          0          0          0          0         80   strcpy.o
        62          0          0          0          0         76   strlen.o
        74          0          0          0          0         80   sys_stackheap_outer.o
         2          0          0          0          0         68   use_no_semi.o
         2          0          0          0          0         68   use_no_semi_2.o
       826         16          0          0          0        348   daddsub_clz.o
        24          0          0          0          0         68   dcmpi.o
        90          4          0          0          0         92   dfixu.o
        38          0          0          0          0         68   dflt_clz.o
       120          4          0          0          0         92   dleqf.o
       340         12          0          0          0        104   dmul.o
       156          4          0          0          0         92   dnaninf.o
        12          0          0          0          0         68   dretinf.o
       108          0          0          0          0         80   drleqf.o
       460         56          0          0          0        120   dsqrt_noumaal.o
        86          4          0          0          0         84   f2d.o
       430          8          0          0          0        168   faddsub_clz.o
        12          4          0          0          0         68   fcheck1.o
       388         76          0          0          0         96   fdiv.o
        54          4          0          0          0         84   ffix.o
        62          4          0          0          0         84   ffixu.o
        86          0          0          0          0        136   fflt_clz.o
       258          4          0          0          0         84   fmul.o
       140          4          0          0          0         84   fnaninf.o
        10          0          0          0          0         68   fretinf.o
       100          0          0          0          0         68   retnan.o
        76          0          0          0          0         68   scalbnf.o
        48          0          0          0          0         68   trapv.o
         0          0          0          0          0          0   usenofp.o
        76          0          0          0          0         84   sqrt.o

    ----------------------------------------------------------------------
      5854        260         40          0        100       4736   Library Totals
        20          0          0          0          4          0   (incl. Padding)

    ----------------------------------------------------------------------

      Code (inc. data)   RO Data    RW Data    ZI Data      Debug   Library Name

      1834         56         40          0         96       2360   c_w.l
      3924        204          0          0          0       2292   fz_ws.l
        76          0          0          0          0         84   m_ws.l

    ----------------------------------------------------------------------
      5854        260         40          0        100       4736   Library Totals

    ----------------------------------------------------------------------

==============================================================================


      Code (inc. data)   RO Data    RW Data    ZI Data      Debug   

     41502       1908       7426        336      23176     468017   Grand Totals
     41502       1908       7426        104      23176     468017   ELF Image Totals (compressed)
     41502       1908       7426        104          0          0   ROM Totals

==============================================================================

    Total RO  Size (Code + RO Data)                48928 (  47.78kB)
    Total RW  Size (RW Data + ZI Data)             23512 (  22.96kB)
    Total ROM Size (Code + RO Data + RW Data)      49032 (  47.88kB)

==============================================================================

